Component: ARM Compiler 5.05 update 1 (build 106) Tool: armlink [4d0efa]

==============================================================================

Section Cross References

    main.o(.text) refers to system.o(.text) for System_Init
    stm32f4xx_it.o(.text) refers to stm32f4xx_it.o(.data) for sysTickUptime
    system.o(.text) refers to stm32f4xx_rcc.o(.text) for RCC_GetClocksFreq
    system.o(.text) refers to misc.o(.text) for NVIC_PriorityGroupConfig
    system.o(.text) refers to crc.o(.text) for CRC_init
    system.o(.text) refers to rc.o(.text) for RemotrCtrlInit
    system.o(.text) refers to led.o(.text) for Led_Init
    system.o(.text) refers to mpu6050.o(.text) for MPU_Init
    system.o(.text) refers to pwm.o(.text) for TIM3_Init
    system.o(.text) refers to usart4.o(.text) for UART4_Init
    system.o(.text) refers to can1.o(.text) for CAN1_Init
    system.o(.text) refers to can2.o(.text) for CAN2_Init
    system.o(.text) refers to gimbal.o(.text) for GimbalInit
    system.o(.text) refers to chassis.o(.text) for ChassisInit
    system.o(.text) refers to shoot.o(.text) for ShootInit
    system.o(.text) refers to mymath.o(.text) for KalmanCreate
    system.o(.text) refers to inv_mpu.o(.text) for mpu_dmp_init
    system.o(.text) refers to vision.o(.text) for VisionTask
    system.o(.text) refers to system.o(.data) for usTicks
    system.o(.text) refers to stm32f4xx_it.o(.data) for sysTickUptime
    system.o(.text) refers to system_stm32f4xx.o(.data) for SystemCoreClock
    system.o(.text) refers to system.o(.bss) for kalman_targetGyrox
    system.o(.text) refers to gimbal.o(.bss) for gimbal
    system.o(.text) refers to rc.o(.bss) for rc
    system.o(.text) refers to shoot.o(.bss) for shoot
    system.o(.text) refers to chassis.o(.bss) for chassis
    system.o(.text) refers to vision.o(.data) for visionFlag
    rc.o(.text) refers to mymath.o(.text) for myDeathZoom_int
    rc.o(.text) refers to rc.o(.bss) for rc
    rc.o(.text) refers to rc.o(.data) for s1
    rc.o(.text) refers to shoot.o(.bss) for shoot
    rc.o(.text) refers to gimbal.o(.bss) for gimbal
    rc.o(.text) refers to vision.o(.data) for visionFlag
    rc.o(.text) refers to chassis.o(.bss) for chassis
    rc.o(.text) refers to usart2.o(.text) for USART2_Init
    gimbal.o(.text) refers to mymath.o(.text) for myDeathZoom
    gimbal.o(.text) refers to system.o(.text) for constrain
    gimbal.o(.text) refers to gimbal.o(.bss) for gimbal
    gimbal.o(.text) refers to vision.o(.bss) for visionData
    gimbal.o(.text) refers to gimbal.o(.data) for lastOut
    gimbal.o(.text) refers to vision.o(.data) for predictAngle
    gimbal.o(.text) refers to system.o(.bss) for kalman_targetGyrox
    gimbal.o(.text) refers to can2.o(.text) for CAN2_Send
    chassis.o(.text) refers to system.o(.text) for constrain
    chassis.o(.text) refers to can2.o(.text) for CAN2_Send
    chassis.o(.text) refers to chassis.o(.bss) for chassis
    shoot.o(.text) refers to pwm.o(.text) for FrictionOutput
    shoot.o(.text) refers to system.o(.text) for constrain
    shoot.o(.text) refers to can2.o(.text) for CAN2_Send
    shoot.o(.text) refers to shoot.o(.bss) for shoot
    shoot.o(.text) refers to shoot.o(.data) for sample
    can1.o(.text) refers to stm32f4xx_rcc.o(.text) for RCC_AHB1PeriphClockCmd
    can1.o(.text) refers to stm32f4xx_gpio.o(.text) for GPIO_Init
    can1.o(.text) refers to misc.o(.text) for NVIC_Init
    can1.o(.text) refers to stm32f4xx_can.o(.text) for CAN_Init
    usart2.o(.text) refers to stm32f4xx_rcc.o(.text) for RCC_AHB1PeriphClockCmd
    usart2.o(.text) refers to stm32f4xx_gpio.o(.text) for GPIO_PinAFConfig
    usart2.o(.text) refers to stm32f4xx_usart.o(.text) for USART_DeInit
    usart2.o(.text) refers to misc.o(.text) for NVIC_Init
    usart2.o(.text) refers to stm32f4xx_dma.o(.text) for DMA_DeInit
    usart2.o(.text) refers to rc.o(.bss) for rc
    led.o(.text) refers to stm32f4xx_rcc.o(.text) for RCC_AHB1PeriphClockCmd
    led.o(.text) refers to stm32f4xx_gpio.o(.text) for GPIO_Init
    crc.o(.text) refers to stm32f4xx_rcc.o(.text) for RCC_AHB1PeriphClockCmd
    crc.o(.text) refers to crc.o(.constdata) for CRC8_TAB
    crc.o(.text) refers to crc.o(.data) for CRC_INIT
    pwm.o(.text) refers to stm32f4xx_rcc.o(.text) for RCC_AHB1PeriphClockCmd
    pwm.o(.text) refers to stm32f4xx_gpio.o(.text) for GPIO_Init
    pwm.o(.text) refers to stm32f4xx_tim.o(.text) for TIM_TimeBaseInit
    can2.o(.text) refers to stm32f4xx_rcc.o(.text) for RCC_AHB1PeriphClockCmd
    can2.o(.text) refers to stm32f4xx_gpio.o(.text) for GPIO_PinAFConfig
    can2.o(.text) refers to misc.o(.text) for NVIC_Init
    can2.o(.text) refers to stm32f4xx_can.o(.text) for CAN_DeInit
    can2.o(.text) refers to mymath.o(.text) for myDeathZoom_int
    can2.o(.text) refers to gimbal.o(.bss) for gimbal
    can2.o(.text) refers to can2.o(.data) for angle
    can2.o(.text) refers to shoot.o(.bss) for shoot
    can2.o(.text) refers to chassis.o(.bss) for chassis
[...]
    __rt_entry_sh                            0x08000259   Thumb Code     0  __rtentry4.o(.ARM.Collect$$rtentry$$00000004)
    __rt_entry_li                            0x0800025f   Thumb Code     0  __rtentry2.o(.ARM.Collect$$rtentry$$0000000A)
    __rt_entry_postsh_1                      0x0800025f   Thumb Code     0  __rtentry2.o(.ARM.Collect$$rtentry$$00000009)
    __rt_entry_main                          0x08000263   Thumb Code     0  __rtentry2.o(.ARM.Collect$$rtentry$$0000000D)
    __rt_entry_postli_1                      0x08000263   Thumb Code     0  __rtentry2.o(.ARM.Collect$$rtentry$$0000000C)
    __rt_exit                                0x0800026b   Thumb Code     0  rtexit.o(.ARM.Collect$$rtexit$$00000000)
    __rt_exit_ls                             0x0800026d   Thumb Code     0  rtexit2.o(.ARM.Collect$$rtexit$$00000003)
    __rt_exit_prels_1                        0x0800026d   Thumb Code     0  rtexit2.o(.ARM.Collect$$rtexit$$00000002)
    __rt_exit_exit                           0x08000271   Thumb Code     0  rtexit2.o(.ARM.Collect$$rtexit$$00000004)
    main                                     0x08000277   Thumb Code    12  main.o(.text)
    NMI_Handler                              0x08000285   Thumb Code     2  stm32f4xx_it.o(.text)
    HardFault_Handler                        0x08000287   Thumb Code     4  stm32f4xx_it.o(.text)
    MemManage_Handler                        0x0800028b   Thumb Code     4  stm32f4xx_it.o(.text)
    BusFault_Handler                         0x0800028f   Thumb Code     4  stm32f4xx_it.o(.text)
    UsageFault_Handler                       0x08000293   Thumb Code     4  stm32f4xx_it.o(.text)
    SVC_Handler                              0x08000297   Thumb Code     2  stm32f4xx_it.o(.text)
    DebugMon_Handler                         0x08000299   Thumb Code     2  stm32f4xx_it.o(.text)
    PendSV_Handler                           0x0800029b   Thumb Code     2  stm32f4xx_it.o(.text)
    SysTick_Handler                          0x0800029d   Thumb Code    12  stm32f4xx_it.o(.text)
    constrain                                0x080002ad   Thumb Code    42  system.o(.text)
    constrain_int32                          0x080002d7   Thumb Code    22  system.o(.text)
    constrain_int16                          0x080002ed   Thumb Code    22  system.o(.text)
    constrain_int                            0x08000303   Thumb Code    22  system.o(.text)
    micros                                   0x0800032f   Thumb Code    60  system.o(.text)
    delay_us                                 0x0800036b   Thumb Code    32  system.o(.text)
    delay_ms                                 0x0800038b   Thumb Code    24  system.o(.text)
    millis                                   0x080003a3   Thumb Code     6  system.o(.text)
    System_Init                              0x080003a9   Thumb Code   286  system.o(.text)
    Loop                                     0x080004c7   Thumb Code   878  system.o(.text)
    GimbalRemoteCtrlProtocol                 0x08000865   Thumb Code   966  rc.o(.text)
    RemoteCtrlProtocol                       0x08000c2b   Thumb Code   172  rc.o(.text)
    RemoteCtrlRecieve                        0x08000cd7   Thumb Code   296  rc.o(.text)
    RemotrCtrlInit                           0x08000dff   Thumb Code    76  rc.o(.text)
    GetThrCompensate                         0x08000e59   Thumb Code   348  gimbal.o(.text)
    PitchControlAutoMode                     0x08000fb5   Thumb Code   808  gimbal.o(.text)
    YawControlAutoMode                       0x080012dd   Thumb Code   806  gimbal.o(.text)
    YawControlMechMode                       0x08001603   Thumb Code   912  gimbal.o(.text)
    YawControlGyroMode                       0x08001993   Thumb Code   942  gimbal.o(.text)
    PitchControl                             0x08001d41   Thumb Code   632  gimbal.o(.text)
    SendToGimbal                             0x08001fb9   Thumb Code    26  gimbal.o(.text)
    GimbalJointControl                       0x08001fd3   Thumb Code   200  gimbal.o(.text)
    GimbalStartUpControl                     0x0800209b   Thumb Code   226  gimbal.o(.text)
    GimbalInit                               0x0800217d   Thumb Code  1084  gimbal.o(.text)
    GimbalUpdatePosture                      0x080025b9   Thumb Code    36  gimbal.o(.text)
    TargetCoast                              0x080025dd   Thumb Code    42  gimbal.o(.text)
    ChassisSpeedCtrl                         0x08002621   Thumb Code   252  chassis.o(.text)
    ChassisInit                              0x0800271d   Thumb Code   106  chassis.o(.text)
    SendToChassis                            0x08002787   Thumb Code    24  chassis.o(.text)
    FrictionCtrl                             0x080027c1   Thumb Code    84  shoot.o(.text)
    TurnplateCtrl                            0x08002815   Thumb Code   412  shoot.o(.text)
    ShootCtrl                                0x080029b1   Thumb Code    16  shoot.o(.text)
    ShootInit                                0x080029c1   Thumb Code   162  shoot.o(.text)
    SendToTurnplate                          0x08002a63   Thumb Code    24  shoot.o(.text)
    CAN1_Init                                0x08002aa5   Thumb Code   218  can1.o(.text)
    CAN1_Send                                0x08002b7f   Thumb Code    92  can1.o(.text)
    CAN1_RX0_IRQHandler                      0x08002bdb   Thumb Code    30  can1.o(.text)
    USART2_Init                              0x08002c05   Thumb Code   260  usart2.o(.text)
    DMA1_Stream5_IRQHandler                  0x08002d09   Thumb Code    38  usart2.o(.text)
    Led_Init                                 0x08002d51   Thumb Code    84  led.o(.text)
    CRC_init                                 0x08002da9   Thumb Code    12  crc.o(.text)
    Get_CRC8_Check_Sum                       0x08002db5   Thumb Code    30  crc.o(.text)
    Verify_CRC8_Check_Sum                    0x08002dd3   Thumb Code    46  crc.o(.text)
    Append_CRC8_Check_Sum                    0x08002e01   Thumb Code    36  crc.o(.text)
    Get_CRC16_Check_Sum                      0x08002e25   Thumb Code    46  crc.o(.text)
    Verify_CRC16_Check_Sum                   0x08002e53   Thumb Code    60  crc.o(.text)
    Append_CRC16_Check_Sum                   0x08002e8f   Thumb Code    44  crc.o(.text)
    Friction_PWM                             0x08002ec9   Thumb Code    18  pwm.o(.text)
    FrictionOutput                           0x08002edb   Thumb Code    54  pwm.o(.text)
    MagazineCtrl                             0x08002f11   Thumb Code    46  pwm.o(.text)
    TIM1_Init                                0x08002f3f   Thumb Code   184  pwm.o(.text)
    TIM3_Init                                0x08002ff7   Thumb Code   228  pwm.o(.text)
    CAN2_Init                                0x080030ed   Thumb Code   238  can2.o(.text)
    CAN2_Send                                0x080031db   Thumb Code    92  can2.o(.text)
    CAN2_RX0_IRQHandler                      0x08003237   Thumb Code   204  can2.o(.text)
    kalman_filter_init                       0x0800331d   Thumb Code   224  mymath.o(.text)
    kalman_filter_calc                       0x080033fd   Thumb Code   366  mymath.o(.text)
    myDeathZoom                              0x0800356b   Thumb Code    54  mymath.o(.text)
    myDeathZoom_int                          0x080035a1   Thumb Code    26  mymath.o(.text)
    Median_filter_float                      0x080035bb   Thumb Code   410  mymath.o(.text)
    Median_filter                            0x08003755   Thumb Code   314  mymath.o(.text)
    AverageToInstant                         0x0800388f   Thumb Code   212  mymath.o(.text)
    KalmanCreate                             0x08003963   Thumb Code    58  mymath.o(.text)
    KalmanFilter                             0x0800399d   Thumb Code   134  mymath.o(.text)
    RampFloat                                0x08003a23   Thumb Code    70  mymath.o(.text)
    UART4_Init                               0x08003a69   Thumb Code   292  usart4.o(.text)
    UART4_IRQHandler                         0x08003b8d   Thumb Code   110  usart4.o(.text)
    UART4_sendChar                           0x08003bfb   Thumb Code    28  usart4.o(.text)
    VisionTask                               0x08003c3d   Thumb Code   142  vision.o(.text)
    UpdateVisionInfo                         0x08003ccb   Thumb Code   186  vision.o(.text)
    GetPredictAngle                          0x08003d85   Thumb Code   408  vision.o(.text)
    VisionProcess                            0x08003f1d   Thumb Code   166  vision.o(.text)
    Aim                                      0x08003fc3   Thumb Code     2  vision.o(.text)
    NVIC_PriorityGroupConfig                 0x08004039   Thumb Code    10  misc.o(.text)
    NVIC_Init                                0x08004043   Thumb Code   106  misc.o(.text)
    NVIC_SetVectorTable                      0x080040ad   Thumb Code    14  misc.o(.text)
    NVIC_SystemLPConfig                      0x080040bb   Thumb Code    34  misc.o(.text)
    SysTick_CLKSourceConfig                  0x080040dd   Thumb Code    40  misc.o(.text)
    GPIO_DeInit                              0x08004119   Thumb Code   268  stm32f4xx_gpio.o(.text)
    GPIO_Init                                0x08004225   Thumb Code   144  stm32f4xx_gpio.o(.text)
    GPIO_StructInit                          0x080042b5   Thumb Code    18  stm32f4xx_gpio.o(.text)
    GPIO_PinLockConfig                       0x080042c7   Thumb Code    34  stm32f4xx_gpio.o(.text)
    GPIO_ReadInputDataBit                    0x080042e9   Thumb Code    18  stm32f4xx_gpio.o(.text)
    GPIO_ReadInputData                       0x080042fb   Thumb Code     8  stm32f4xx_gpio.o(.text)
    GPIO_ReadOutputDataBit                   0x08004303   Thumb Code    18  stm32f4xx_gpio.o(.text)
    GPIO_ReadOutputData                      0x08004315   Thumb Code     8  stm32f4xx_gpio.o(.text)
    GPIO_SetBits                             0x0800431d   Thumb Code     4  stm32f4xx_gpio.o(.text)
    GPIO_ResetBits                           0x08004321   Thumb Code     4  stm32f4xx_gpio.o(.text)
    GPIO_WriteBit                            0x08004325   Thumb Code    10  stm32f4xx_gpio.o(.text)
    GPIO_Write                               0x0800432f   Thumb Code     4  stm32f4xx_gpio.o(.text)
    GPIO_ToggleBits                          0x08004333   Thumb Code     8  stm32f4xx_gpio.o(.text)
    GPIO_PinAFConfig                         0x0800433b   Thumb Code    70  stm32f4xx_gpio.o(.text)
    RCC_DeInit                               0x080043ad   Thumb Code    82  stm32f4xx_rcc.o(.text)
    RCC_HSEConfig                            0x080043ff   Thumb Code    14  stm32f4xx_rcc.o(.text)
    RCC_GetFlagStatus                        0x0800440d   Thumb Code    60  stm32f4xx_rcc.o(.text)
    RCC_WaitForHSEStartUp                    0x08004449   Thumb Code    56  stm32f4xx_rcc.o(.text)
    RCC_AdjustHSICalibrationValue            0x08004481   Thumb Code    20  stm32f4xx_rcc.o(.text)
    RCC_HSICmd                               0x08004495   Thumb Code     6  stm32f4xx_rcc.o(.text)
    RCC_LSEConfig                            0x0800449b   Thumb Code    46  stm32f4xx_rcc.o(.text)
    RCC_LSICmd                               0x080044c9   Thumb Code     6  stm32f4xx_rcc.o(.text)
    RCC_PLLConfig                            0x080044cf   Thumb Code    32  stm32f4xx_rcc.o(.text)
    RCC_PLLCmd                               0x080044ef   Thumb Code     6  stm32f4xx_rcc.o(.text)
    RCC_PLLI2SConfig                         0x080044f5   Thumb Code    14  stm32f4xx_rcc.o(.text)
    RCC_PLLI2SCmd                            0x08004503   Thumb Code     6  stm32f4xx_rcc.o(.text)
    RCC_PLLSAIConfig                         0x08004509   Thumb Code    20  stm32f4xx_rcc.o(.text)
    RCC_PLLSAICmd                            0x0800451d   Thumb Code     6  stm32f4xx_rcc.o(.text)
    RCC_ClockSecuritySystemCmd               0x08004523   Thumb Code     6  stm32f4xx_rcc.o(.text)
    RCC_MCO1Config                           0x08004529   Thumb Code    28  stm32f4xx_rcc.o(.text)
    RCC_MCO2Config                           0x08004545   Thumb Code    28  stm32f4xx_rcc.o(.text)
    RCC_SYSCLKConfig                         0x08004561   Thumb Code    20  stm32f4xx_rcc.o(.text)
    RCC_GetSYSCLKSource                      0x08004575   Thumb Code    12  stm32f4xx_rcc.o(.text)
    RCC_HCLKConfig                           0x08004581   Thumb Code    20  stm32f4xx_rcc.o(.text)
    RCC_PCLK1Config                          0x08004595   Thumb Code    20  stm32f4xx_rcc.o(.text)
    RCC_PCLK2Config                          0x080045a9   Thumb Code    22  stm32f4xx_rcc.o(.text)
    RCC_GetClocksFreq                        0x080045bf   Thumb Code   222  stm32f4xx_rcc.o(.text)
    RCC_RTCCLKConfig                         0x0800469d   Thumb Code    54  stm32f4xx_rcc.o(.text)
    RCC_RTCCLKCmd                            0x080046d3   Thumb Code     8  stm32f4xx_rcc.o(.text)
    RCC_BackupResetCmd                       0x080046db   Thumb Code     8  stm32f4xx_rcc.o(.text)
    RCC_I2SCLKConfig                         0x080046e3   Thumb Code     6  stm32f4xx_rcc.o(.text)
    RCC_SAIPLLI2SClkDivConfig                0x080046e9   Thumb Code    26  stm32f4xx_rcc.o(.text)
    RCC_SAIPLLSAIClkDivConfig                0x08004703   Thumb Code    28  stm32f4xx_rcc.o(.text)
    RCC_SAIBlockACLKConfig                   0x0800471f   Thumb Code    20  stm32f4xx_rcc.o(.text)
    RCC_SAIBlockBCLKConfig                   0x08004733   Thumb Code    20  stm32f4xx_rcc.o(.text)
    RCC_LTDCCLKDivConfig                     0x08004747   Thumb Code    20  stm32f4xx_rcc.o(.text)
    RCC_TIMCLKPresConfig                     0x0800475b   Thumb Code     6  stm32f4xx_rcc.o(.text)
    RCC_AHB1PeriphClockCmd                   0x08004761   Thumb Code    34  stm32f4xx_rcc.o(.text)
    RCC_AHB2PeriphClockCmd                   0x08004783   Thumb Code    78  stm32f4xx_rcc.o(.text)
    RCC_AHB3PeriphClockCmd                   0x080047d1   Thumb Code    34  stm32f4xx_rcc.o(.text)
    RCC_APB1PeriphClockCmd                   0x080047f3   Thumb Code    34  stm32f4xx_rcc.o(.text)
    RCC_APB2PeriphClockCmd                   0x08004815   Thumb Code    34  stm32f4xx_rcc.o(.text)
    RCC_AHB1PeriphResetCmd                   0x08004837   Thumb Code    34  stm32f4xx_rcc.o(.text)
    RCC_AHB2PeriphResetCmd                   0x08004859   Thumb Code    34  stm32f4xx_rcc.o(.text)
    RCC_AHB3PeriphResetCmd                   0x0800487b   Thumb Code    34  stm32f4xx_rcc.o(.text)
    RCC_APB1PeriphResetCmd                   0x0800489d   Thumb Code    34  stm32f4xx_rcc.o(.text)
    RCC_APB2PeriphResetCmd                   0x080048bf   Thumb Code    34  stm32f4xx_rcc.o(.text)
    RCC_AHB1PeriphClockLPModeCmd             0x080048e1   Thumb Code    34  stm32f4xx_rcc.o(.text)
    RCC_AHB2PeriphClockLPModeCmd             0x08004903   Thumb Code    34  stm32f4xx_rcc.o(.text)
    RCC_AHB3PeriphClockLPModeCmd             0x08004925   Thumb Code    34  stm32f4xx_rcc.o(.text)
    RCC_APB1PeriphClockLPModeCmd             0x08004947   Thumb Code    34  stm32f4xx_rcc.o(.text)
    RCC_APB2PeriphClockLPModeCmd             0x08004969   Thumb Code    34  stm32f4xx_rcc.o(.text)
    RCC_ITConfig                             0x0800498b   Thumb Code    34  stm32f4xx_rcc.o(.text)
    RCC_ClearFlag                            0x080049ad   Thumb Code    18  stm32f4xx_rcc.o(.text)
    RCC_GetITStatus                          0x080049bf   Thumb Code    22  stm32f4xx_rcc.o(.text)
    RCC_ClearITPendingBit                    0x080049d5   Thumb Code     8  stm32f4xx_rcc.o(.text)
    TIM_DeInit                               0x080049e1   Thumb Code   346  stm32f4xx_tim.o(.text)
    TIM_TimeBaseInit                         0x08004b3b   Thumb Code   104  stm32f4xx_tim.o(.text)
    TIM_TimeBaseStructInit                   0x08004ba3   Thumb Code    18  stm32f4xx_tim.o(.text)
    TIM_PrescalerConfig                      0x08004bb5   Thumb Code     6  stm32f4xx_tim.o(.text)
    TIM_CounterModeConfig                    0x08004bbb   Thumb Code    18  stm32f4xx_tim.o(.text)
    TIM_SetCounter                           0x08004bcd   Thumb Code     4  stm32f4xx_tim.o(.text)
    TIM_SetAutoreload                        0x08004bd1   Thumb Code     4  stm32f4xx_tim.o(.text)
    TIM_GetCounter                           0x08004bd5   Thumb Code     6  stm32f4xx_tim.o(.text)
    TIM_GetPrescaler                         0x08004bdb   Thumb Code     6  stm32f4xx_tim.o(.text)
    TIM_UpdateDisableConfig                  0x08004be1   Thumb Code    24  stm32f4xx_tim.o(.text)
    TIM_UpdateRequestConfig                  0x08004bf9   Thumb Code    24  stm32f4xx_tim.o(.text)
    TIM_ARRPreloadConfig                     0x08004c11   Thumb Code    24  stm32f4xx_tim.o(.text)
    TIM_SelectOnePulseMode                   0x08004c29   Thumb Code    18  stm32f4xx_tim.o(.text)
    TIM_SetClockDivision                     0x08004c3b   Thumb Code    18  stm32f4xx_tim.o(.text)
    TIM_Cmd                                  0x08004c4d   Thumb Code    24  stm32f4xx_tim.o(.text)
    TIM_OC1Init                              0x08004c65   Thumb Code   114  stm32f4xx_tim.o(.text)
    TIM_OC2Init                              0x08004cd7   Thumb Code   154  stm32f4xx_tim.o(.text)
    TIM_OC3Init                              0x08004d71   Thumb Code   204  stm32f4xx_tim.o(.text)
    TIM_OC4Init                              0x08004e3d   Thumb Code   112  stm32f4xx_tim.o(.text)
    TIM_OCStructInit                         0x08004ead   Thumb Code    20  stm32f4xx_tim.o(.text)
    TIM_SelectOCxM                           0x08004ec1   Thumb Code    86  stm32f4xx_tim.o(.text)
    TIM_SetCompare1                          0x08004f17   Thumb Code     4  stm32f4xx_tim.o(.text)
    TIM_SetCompare2                          0x08004f1b   Thumb Code     4  stm32f4xx_tim.o(.text)
    TIM_SetCompare3                          0x08004f1f   Thumb Code     4  stm32f4xx_tim.o(.text)
    TIM_SetCompare4                          0x08004f23   Thumb Code     4  stm32f4xx_tim.o(.text)
    TIM_ForcedOC1Config                      0x08004f27   Thumb Code    18  stm32f4xx_tim.o(.text)
    TIM_ForcedOC2Config                      0x08004f39   Thumb Code    26  stm32f4xx_tim.o(.text)
    TIM_ForcedOC3Config                      0x08004f53   Thumb Code    18  stm32f4xx_tim.o(.text)
    TIM_ForcedOC4Config                      0x08004f65   Thumb Code    26  stm32f4xx_tim.o(.text)
    TIM_OC1PreloadConfig                     0x08004f7f   Thumb Code    18  stm32f4xx_tim.o(.text)
    TIM_OC2PreloadConfig                     0x08004f91   Thumb Code    26  stm32f4xx_tim.o(.text)
    TIM_OC3PreloadConfig                     0x08004fab   Thumb Code    18  stm32f4xx_tim.o(.text)
    TIM_OC4PreloadConfig                     0x08004fbd   Thumb Code    26  stm32f4xx_tim.o(.text)
    TIM_OC1FastConfig                        0x08004fd7   Thumb Code    18  stm32f4xx_tim.o(.text)
    TIM_OC2FastConfig                        0x08004fe9   Thumb Code    26  stm32f4xx_tim.o(.text)
    TIM_OC3FastConfig                        0x08005003   Thumb Code    18  stm32f4xx_tim.o(.text)
    TIM_OC4FastConfig                        0x08005015   Thumb Code    26  stm32f4xx_tim.o(.text)
    TIM_ClearOC1Ref                          0x0800502f   Thumb Code    18  stm32f4xx_tim.o(.text)
    TIM_ClearOC2Ref                          0x08005041   Thumb Code    24  stm32f4xx_tim.o(.text)
    TIM_ClearOC3Ref                          0x08005059   Thumb Code    18  stm32f4xx_tim.o(.text)
    TIM_ClearOC4Ref                          0x0800506b   Thumb Code    24  stm32f4xx_tim.o(.text)
    TIM_OC1PolarityConfig                    0x08005083   Thumb Code    18  stm32f4xx_tim.o(.text)
    TIM_OC1NPolarityConfig                   0x08005095   Thumb Code    18  stm32f4xx_tim.o(.text)
    TIM_OC2PolarityConfig                    0x080050a7   Thumb Code    26  stm32f4xx_tim.o(.text)
    TIM_OC2NPolarityConfig                   0x080050c1   Thumb Code    26  stm32f4xx_tim.o(.text)
    TIM_OC3PolarityConfig                    0x080050db   Thumb Code    26  stm32f4xx_tim.o(.text)
    TIM_OC3NPolarityConfig                   0x080050f5   Thumb Code    26  stm32f4xx_tim.o(.text)
    TIM_OC4PolarityConfig                    0x0800510f   Thumb Code    26  stm32f4xx_tim.o(.text)
    TIM_CCxCmd                               0x08005129   Thumb Code    30  stm32f4xx_tim.o(.text)
    TIM_CCxNCmd                              0x08005147   Thumb Code    30  stm32f4xx_tim.o(.text)
    TIM_SetIC4Prescaler                      0x08005165   Thumb Code    26  stm32f4xx_tim.o(.text)
    TIM_SetIC3Prescaler                      0x080051cf   Thumb Code    18  stm32f4xx_tim.o(.text)
    TIM_SetIC2Prescaler                      0x08005229   Thumb Code    26  stm32f4xx_tim.o(.text)
    TIM_SetIC1Prescaler                      0x0800529d   Thumb Code    18  stm32f4xx_tim.o(.text)
    TIM_ICInit                               0x080052e9   Thumb Code   110  stm32f4xx_tim.o(.text)
    TIM_ICStructInit                         0x08005357   Thumb Code    18  stm32f4xx_tim.o(.text)
    TIM_PWMIConfig                           0x08005369   Thumb Code   124  stm32f4xx_tim.o(.text)
    TIM_GetCapture1                          0x080053e5   Thumb Code     6  stm32f4xx_tim.o(.text)
    TIM_GetCapture2                          0x080053eb   Thumb Code     6  stm32f4xx_tim.o(.text)
    TIM_GetCapture3                          0x080053f1   Thumb Code     6  stm32f4xx_tim.o(.text)
    TIM_GetCapture4                          0x080053f7   Thumb Code     6  stm32f4xx_tim.o(.text)
    TIM_BDTRConfig                           0x080053fd   Thumb Code    32  stm32f4xx_tim.o(.text)
    TIM_BDTRStructInit                       0x0800541d   Thumb Code    18  stm32f4xx_tim.o(.text)
    TIM_CtrlPWMOutputs                       0x0800542f   Thumb Code    30  stm32f4xx_tim.o(.text)
    TIM_SelectCOM                            0x0800544d   Thumb Code    24  stm32f4xx_tim.o(.text)
    TIM_CCPreloadControl                     0x08005465   Thumb Code    24  stm32f4xx_tim.o(.text)
    TIM_ITConfig                             0x0800547d   Thumb Code    18  stm32f4xx_tim.o(.text)
    TIM_GenerateEvent                        0x0800548f   Thumb Code     4  stm32f4xx_tim.o(.text)
    TIM_GetFlagStatus                        0x08005493   Thumb Code    18  stm32f4xx_tim.o(.text)
    TIM_ClearFlag                            0x080054a5   Thumb Code     6  stm32f4xx_tim.o(.text)
    TIM_GetITStatus                          0x080054ab   Thumb Code    34  stm32f4xx_tim.o(.text)
    TIM_ClearITPendingBit                    0x080054cd   Thumb Code     6  stm32f4xx_tim.o(.text)
    TIM_DMAConfig                            0x080054d3   Thumb Code    10  stm32f4xx_tim.o(.text)
    TIM_DMACmd                               0x080054dd   Thumb Code    18  stm32f4xx_tim.o(.text)
    TIM_SelectCCDMA                          0x080054ef   Thumb Code    24  stm32f4xx_tim.o(.text)
    TIM_InternalClockConfig                  0x08005507   Thumb Code    12  stm32f4xx_tim.o(.text)
    TIM_SelectInputTrigger                   0x08005513   Thumb Code    18  stm32f4xx_tim.o(.text)
    TIM_ITRxExternalClockConfig              0x08005525   Thumb Code    24  stm32f4xx_tim.o(.text)
    TIM_TIxExternalClockConfig               0x0800553d   Thumb Code    62  stm32f4xx_tim.o(.text)
    TIM_ETRConfig                            0x0800557b   Thumb Code    28  stm32f4xx_tim.o(.text)
    TIM_ETRClockMode1Config                  0x08005597   Thumb Code    54  stm32f4xx_tim.o(.text)
    TIM_ETRClockMode2Config                  0x080055cd   Thumb Code    32  stm32f4xx_tim.o(.text)
    TIM_SelectOutputTrigger                  0x080055ed   Thumb Code    18  stm32f4xx_tim.o(.text)
    TIM_SelectSlaveMode                      0x080055ff   Thumb Code    18  stm32f4xx_tim.o(.text)
    TIM_SelectMasterSlaveMode                0x08005611   Thumb Code    18  stm32f4xx_tim.o(.text)
    TIM_EncoderInterfaceConfig               0x08005623   Thumb Code    66  stm32f4xx_tim.o(.text)
    TIM_SelectHallSensor                     0x08005665   Thumb Code    24  stm32f4xx_tim.o(.text)
    TIM_RemapConfig                          0x0800567d   Thumb Code     6  stm32f4xx_tim.o(.text)
    USART_DeInit                             0x08005685   Thumb Code   206  stm32f4xx_usart.o(.text)
    USART_Init                               0x08005753   Thumb Code   204  stm32f4xx_usart.o(.text)
    USART_StructInit                         0x0800581f   Thumb Code    24  stm32f4xx_usart.o(.text)
    USART_ClockInit                          0x08005837   Thumb Code    32  stm32f4xx_usart.o(.text)
    USART_ClockStructInit                    0x08005857   Thumb Code    12  stm32f4xx_usart.o(.text)
    USART_Cmd                                0x08005863   Thumb Code    24  stm32f4xx_usart.o(.text)
    USART_SetPrescaler                       0x0800587b   Thumb Code    16  stm32f4xx_usart.o(.text)
    USART_OverSampling8Cmd                   0x0800588b   Thumb Code    22  stm32f4xx_usart.o(.text)
    USART_OneBitMethodCmd                    0x080058a1   Thumb Code    24  stm32f4xx_usart.o(.text)
    USART_SendData                           0x080058b9   Thumb Code     8  stm32f4xx_usart.o(.text)
    USART_ReceiveData                        0x080058c1   Thumb Code    10  stm32f4xx_usart.o(.text)
    USART_SetAddress                         0x080058cb   Thumb Code    18  stm32f4xx_usart.o(.text)
    USART_ReceiverWakeUpCmd                  0x080058dd   Thumb Code    24  stm32f4xx_usart.o(.text)
    USART_WakeUpConfig                       0x080058f5   Thumb Code    18  stm32f4xx_usart.o(.text)
    USART_LINBreakDetectLengthConfig         0x08005907   Thumb Code    18  stm32f4xx_usart.o(.text)
    USART_LINCmd                             0x08005919   Thumb Code    24  stm32f4xx_usart.o(.text)
    USART_SendBreak                          0x08005931   Thumb Code    10  stm32f4xx_usart.o(.text)
    USART_HalfDuplexCmd                      0x0800593b   Thumb Code    24  stm32f4xx_usart.o(.text)
    USART_SetGuardTime                       0x08005953   Thumb Code    16  stm32f4xx_usart.o(.text)
    USART_SmartCardCmd                       0x08005963   Thumb Code    24  stm32f4xx_usart.o(.text)
    USART_SmartCardNACKCmd                   0x0800597b   Thumb Code    24  stm32f4xx_usart.o(.text)
    USART_IrDAConfig                         0x08005993   Thumb Code    18  stm32f4xx_usart.o(.text)
    USART_IrDACmd                            0x080059a5   Thumb Code    24  stm32f4xx_usart.o(.text)
    USART_DMACmd                             0x080059bd   Thumb Code    18  stm32f4xx_usart.o(.text)
    USART_ITConfig                           0x080059cf   Thumb Code    74  stm32f4xx_usart.o(.text)
    USART_GetFlagStatus                      0x08005a19   Thumb Code    26  stm32f4xx_usart.o(.text)
    USART_ClearFlag                          0x08005a33   Thumb Code    18  stm32f4xx_usart.o(.text)
    USART_GetITStatus                        0x08005a45   Thumb Code   118  stm32f4xx_usart.o(.text)
    USART_ClearITPendingBit                  0x08005abb   Thumb Code    30  stm32f4xx_usart.o(.text)
    Reset_Handler                            0x08005ad9   Thumb Code     8  startup_stm32f40xx.o(.text)
    ADC_IRQHandler                           0x08005af3   Thumb Code     0  startup_stm32f40xx.o(.text)
    CAN1_RX1_IRQHandler                      0x08005af3   Thumb Code     0  startup_stm32f40xx.o(.text)
    CAN1_SCE_IRQHandler                      0x08005af3   Thumb Code     0  startup_stm32f40xx.o(.text)
    CAN1_TX_IRQHandler                       0x08005af3   Thumb Code     0  startup_stm32f40xx.o(.text)
    CAN2_RX1_IRQHandler                      0x08005af3   Thumb Code     0  startup_stm32f40xx.o(.text)
    CAN2_SCE_IRQHandler                      0x08005af3   Thumb Code     0  startup_stm32f40xx.o(.text)
    CAN2_TX_IRQHandler                       0x08005af3   Thumb Code     0  startup_stm32f40xx.o(.text)
    CRYP_IRQHandler                          0x08005af3   Thumb Code     0  startup_stm32f40xx.o(.text)
    DCMI_IRQHandler                          0x08005af3   Thumb Code     0  startup_stm32f40xx.o(.text)
    DMA1_Stream0_IRQHandler                  0x08005af3   Thumb Code     0  startup_stm32f40xx.o(.text)
    DMA1_Stream1_IRQHandler                  0x08005af3   Thumb Code     0  startup_stm32f40xx.o(.text)
    DMA1_Stream2_IRQHandler                  0x08005af3   Thumb Code     0  startup_stm32f40xx.o(.text)
    DMA1_Stream3_IRQHandler                  0x08005af3   Thumb Code     0  startup_stm32f40xx.o(.text)
    DMA1_Stream4_IRQHandler                  0x08005af3   Thumb Code     0  startup_stm32f40xx.o(.text)
    DMA1_Stream6_IRQHandler                  0x08005af3   Thumb Code     0  startup_stm32f40xx.o(.text)
    DMA1_Stream7_IRQHandler                  0x08005af3   Thumb Code     0  startup_stm32f40xx.o(.text)
    DMA2_Stream0_IRQHandler                  0x08005af3   Thumb Code     0  startup_stm32f40xx.o(.text)
    DMA2_Stream1_IRQHandler                  0x08005af3   Thumb Code     0  startup_stm32f40xx.o(.text)
    DMA2_Stream2_IRQHandler                  0x08005af3   Thumb Code     0  startup_stm32f40xx.o(.text)
    DMA2_Stream3_IRQHandler                  0x08005af3   Thumb Code     0  startup_stm32f40xx.o(.text)
    DMA2_Stream4_IRQHandler                  0x08005af3   Thumb Code     0  startup_stm32f40xx.o(.text)
    DMA2_Stream5_IRQHandler                  0x08005af3   Thumb Code     0  startup_stm32f40xx.o(.text)
    DMA2_Stream6_IRQHandler                  0x08005af3   Thumb Code     0  startup_stm32f40xx.o(.text)
    DMA2_Stream7_IRQHandler                  0x08005af3   Thumb Code     0  startup_stm32f40xx.o(.text)
    ETH_IRQHandler                           0x08005af3   Thumb Code     0  startup_stm32f40xx.o(.text)
    ETH_WKUP_IRQHandler                      0x08005af3   Thumb Code     0  startup_stm32f40xx.o(.text)
    EXTI0_IRQHandler                         0x08005af3   Thumb Code     0  startup_stm32f40xx.o(.text)
    EXTI15_10_IRQHandler                     0x08005af3   Thumb Code     0  startup_stm32f40xx.o(.text)
    EXTI1_IRQHandler                         0x08005af3   Thumb Code     0  startup_stm32f40xx.o(.text)
    EXTI2_IRQHandler                         0x08005af3   Thumb Code     0  startup_stm32f40xx.o(.text)
    EXTI3_IRQHandler                         0x08005af3   Thumb Code     0  startup_stm32f40xx.o(.text)
    EXTI4_IRQHandler                         0x08005af3   Thumb Code     0  startup_stm32f40xx.o(.text)
    EXTI9_5_IRQHandler                       0x08005af3   Thumb Code     0  startup_stm32f40xx.o(.text)
    FLASH_IRQHandler                         0x08005af3   Thumb Code     0  startup_stm32f40xx.o(.text)
    FPU_IRQHandler                           0x08005af3   Thumb Code     0  startup_stm32f40xx.o(.text)
    FSMC_IRQHandler                          0x08005af3   Thumb Code     0  startup_stm32f40xx.o(.text)
    HASH_RNG_IRQHandler                      0x08005af3   Thumb Code     0  startup_stm32f40xx.o(.text)
    I2C1_ER_IRQHandler                       0x08005af3   Thumb Code     0  startup_stm32f40xx.o(.text)
    I2C1_EV_IRQHandler                       0x08005af3   Thumb Code     0  startup_stm32f40xx.o(.text)
    I2C2_ER_IRQHandler                       0x08005af3   Thumb Code     0  startup_stm32f40xx.o(.text)
    I2C2_EV_IRQHandler                       0x08005af3   Thumb Code     0  startup_stm32f40xx.o(.text)
    I2C3_ER_IRQHandler                       0x08005af3   Thumb Code     0  startup_stm32f40xx.o(.text)
    I2C3_EV_IRQHandler                       0x08005af3   Thumb Code     0  startup_stm32f40xx.o(.text)
    OTG_FS_IRQHandler                        0x08005af3   Thumb Code     0  startup_stm32f40xx.o(.text)
    OTG_FS_WKUP_IRQHandler                   0x08005af3   Thumb Code     0  startup_stm32f40xx.o(.text)
    OTG_HS_EP1_IN_IRQHandler                 0x08005af3   Thumb Code     0  startup_stm32f40xx.o(.text)
    OTG_HS_EP1_OUT_IRQHandler                0x08005af3   Thumb Code     0  startup_stm32f40xx.o(.text)
    OTG_HS_IRQHandler                        0x08005af3   Thumb Code     0  startup_stm32f40xx.o(.text)
    OTG_HS_WKUP_IRQHandler                   0x08005af3   Thumb Code     0  startup_stm32f40xx.o(.text)
    PVD_IRQHandler                           0x08005af3   Thumb Code     0  startup_stm32f40xx.o(.text)
    RCC_IRQHandler                           0x08005af3   Thumb Code     0  startup_stm32f40xx.o(.text)
    RTC_Alarm_IRQHandler                     0x08005af3   Thumb Code     0  startup_stm32f40xx.o(.text)
    RTC_WKUP_IRQHandler                      0x08005af3   Thumb Code     0  startup_stm32f40xx.o(.text)
    SDIO_IRQHandler                          0x08005af3   Thumb Code     0  startup_stm32f40xx.o(.text)
    SPI1_IRQHandler                          0x08005af3   Thumb Code     0  startup_stm32f40xx.o(.text)
    SPI2_IRQHandler                          0x08005af3   Thumb Code     0  startup_stm32f40xx.o(.text)
    SPI3_IRQHandler                          0x08005af3   Thumb Code     0  startup_stm32f40xx.o(.text)
    TAMP_STAMP_IRQHandler                    0x08005af3   Thumb Code     0  startup_stm32f40xx.o(.text)
    TIM1_BRK_TIM9_IRQHandler                 0x08005af3   Thumb Code     0  startup_stm32f40xx.o(.text)
    TIM1_CC_IRQHandler                       0x08005af3   Thumb Code     0  startup_stm32f40xx.o(.text)
    TIM1_TRG_COM_TIM11_IRQHandler            0x08005af3   Thumb Code     0  startup_stm32f40xx.o(.text)
    TIM1_UP_TIM10_IRQHandler                 0x08005af3   Thumb Code     0  startup_stm32f40xx.o(.text)
    TIM2_IRQHandler                          0x08005af3   Thumb Code     0  startup_stm32f40xx.o(.text)
    TIM3_IRQHandler                          0x08005af3   Thumb Code     0  startup_stm32f40xx.o(.text)
    TIM4_IRQHandler                          0x08005af3   Thumb Code     0  startup_stm32f40xx.o(.text)
    TIM5_IRQHandler                          0x08005af3   Thumb Code     0  startup_stm32f40xx.o(.text)
    TIM6_DAC_IRQHandler                      0x08005af3   Thumb Code     0  startup_stm32f40xx.o(.text)
    TIM7_IRQHandler                          0x08005af3   Thumb Code     0  startup_stm32f40xx.o(.text)
    TIM8_BRK_TIM12_IRQHandler                0x08005af3   Thumb Code     0  startup_stm32f40xx.o(.text)
    TIM8_CC_IRQHandler                       0x08005af3   Thumb Code     0  startup_stm32f40xx.o(.text)
    TIM8_TRG_COM_TIM14_IRQHandler            0x08005af3   Thumb Code     0  startup_stm32f40xx.o(.text)
    TIM8_UP_TIM13_IRQHandler                 0x08005af3   Thumb Code     0  startup_stm32f40xx.o(.text)
    UART5_IRQHandler                         0x08005af3   Thumb Code     0  startup_stm32f40xx.o(.text)
    USART1_IRQHandler                        0x08005af3   Thumb Code     0  startup_stm32f40xx.o(.text)
    USART2_IRQHandler                        0x08005af3   Thumb Code     0  startup_stm32f40xx.o(.text)
    USART3_IRQHandler                        0x08005af3   Thumb Code     0  startup_stm32f40xx.o(.text)
    USART6_IRQHandler                        0x08005af3   Thumb Code     0  startup_stm32f40xx.o(.text)
    WWDG_IRQHandler                          0x08005af3   Thumb Code     0  startup_stm32f40xx.o(.text)
    __user_initial_stackheap                 0x08005af5   Thumb Code     0  startup_stm32f40xx.o(.text)
    SystemInit                               0x08005bf5   Thumb Code    88  system_stm32f4xx.o(.text)
    SystemCoreClockUpdate                    0x08005c4d   Thumb Code   174  system_stm32f4xx.o(.text)
    CAN_DeInit                               0x08005d29   Thumb Code    50  stm32f4xx_can.o(.text)
    CAN_Init                                 0x08005d5b   Thumb Code   276  stm32f4xx_can.o(.text)
    CAN_FilterInit                           0x08005e6f   Thumb Code   258  stm32f4xx_can.o(.text)
    CAN_StructInit                           0x08005f71   Thumb Code    32  stm32f4xx_can.o(.text)
    CAN_SlaveStartBank                       0x08005f91   Thumb Code    48  stm32f4xx_can.o(.text)
    CAN_DBGFreeze                            0x08005fc1   Thumb Code    22  stm32f4xx_can.o(.text)
    CAN_TTComModeCmd                         0x08005fd7   Thumb Code   118  stm32f4xx_can.o(.text)
    CAN_Transmit                             0x0800604d   Thumb Code   304  stm32f4xx_can.o(.text)
    CAN_TransmitStatus                       0x0800617d   Thumb Code   138  stm32f4xx_can.o(.text)
    CAN_CancelTransmit                       0x08006207   Thumb Code    48  stm32f4xx_can.o(.text)
    CAN_Receive                              0x08006237   Thumb Code   240  stm32f4xx_can.o(.text)
    CAN_FIFORelease                          0x08006327   Thumb Code    22  stm32f4xx_can.o(.text)
    CAN_MessagePending                       0x0800633d   Thumb Code    30  stm32f4xx_can.o(.text)
    CAN_OperatingModeRequest                 0x0800635b   Thumb Code   162  stm32f4xx_can.o(.text)
    CAN_Sleep                                0x080063fd   Thumb Code    30  stm32f4xx_can.o(.text)
    CAN_WakeUp                               0x0800641b   Thumb Code    48  stm32f4xx_can.o(.text)
    CAN_GetLastErrorCode                     0x0800644b   Thumb Code    12  stm32f4xx_can.o(.text)
    CAN_GetReceiveErrorCounter               0x08006457   Thumb Code    10  stm32f4xx_can.o(.text)
    CAN_GetLSBTransmitErrorCounter           0x08006461   Thumb Code    12  stm32f4xx_can.o(.text)
    CAN_ITConfig                             0x0800646d   Thumb Code    18  stm32f4xx_can.o(.text)
    CAN_GetFlagStatus                        0x0800647f   Thumb Code   120  stm32f4xx_can.o(.text)
    CAN_ClearFlag                            0x080064f7   Thumb Code    52  stm32f4xx_can.o(.text)
    CAN_GetITStatus                          0x0800653d   Thumb Code   310  stm32f4xx_can.o(.text)
    CAN_ClearITPendingBit                    0x08006673   Thumb Code   162  stm32f4xx_can.o(.text)
    DMA_DeInit                               0x08006719   Thumb Code   324  stm32f4xx_dma.o(.text)
    DMA_Init                                 0x0800685d   Thumb Code    82  stm32f4xx_dma.o(.text)
    DMA_StructInit                           0x080068af   Thumb Code    34  stm32f4xx_dma.o(.text)
    DMA_Cmd                                  0x080068d1   Thumb Code    22  stm32f4xx_dma.o(.text)
    DMA_PeriphIncOffsetSizeConfig            0x080068e7   Thumb Code    22  stm32f4xx_dma.o(.text)
    DMA_FlowControllerConfig                 0x080068fd   Thumb Code    22  stm32f4xx_dma.o(.text)
    DMA_SetCurrDataCounter                   0x08006913   Thumb Code     4  stm32f4xx_dma.o(.text)
    DMA_GetCurrDataCounter                   0x08006917   Thumb Code     8  stm32f4xx_dma.o(.text)
    DMA_DoubleBufferModeConfig               0x0800691f   Thumb Code    24  stm32f4xx_dma.o(.text)
    DMA_DoubleBufferModeCmd                  0x08006937   Thumb Code    22  stm32f4xx_dma.o(.text)
    DMA_MemoryTargetConfig                   0x0800694d   Thumb Code    10  stm32f4xx_dma.o(.text)
    DMA_GetCurrentMemoryTarget               0x08006957   Thumb Code    20  stm32f4xx_dma.o(.text)
    DMA_GetCmdStatus                         0x0800696b   Thumb Code    20  stm32f4xx_dma.o(.text)
    DMA_GetFIFOStatus                        0x0800697f   Thumb Code    12  stm32f4xx_dma.o(.text)
    DMA_GetFlagStatus                        0x0800698b   Thumb Code    56  stm32f4xx_dma.o(.text)
    DMA_ClearFlag                            0x080069c3   Thumb Code    40  stm32f4xx_dma.o(.text)
    DMA_ITConfig                             0x080069eb   Thumb Code    58  stm32f4xx_dma.o(.text)
    DMA_GetITStatus                          0x08006a25   Thumb Code    84  stm32f4xx_dma.o(.text)
    DMA_ClearITPendingBit                    0x08006a79   Thumb Code    40  stm32f4xx_dma.o(.text)
    arm_mat_add_f32                          0x08006ac1   Thumb Code   192  arm_mat_add_f32.o(.text)
    arm_mat_init_f32                         0x08006b81   Thumb Code     8  arm_mat_init_f32.o(.text)
    arm_mat_inverse_f32                      0x08006b89   Thumb Code   778  arm_mat_inverse_f32.o(.text)
    arm_mat_mult_f32                         0x08006e99   Thumb Code   320  arm_mat_mult_f32.o(.text)
    arm_mat_sub_f32                          0x08006fdd   Thumb Code   192  arm_mat_sub_f32.o(.text)
    arm_mat_trans_f32                        0x0800709d   Thumb Code   152  arm_mat_trans_f32.o(.text)
    _sys_exit                                0x08007135   Thumb Code     8  usart.o(.text)
    fputc                                    0x0800713d   Thumb Code    22  usart.o(.text)
    uart_init                                0x08007153   Thumb Code     2  usart.o(.text)
    IIC_Init                                 0x08007159   Thumb Code    60  myiic.o(.text)
    IIC_Start                                0x08007195   Thumb Code    68  myiic.o(.text)
    IIC_Stop                                 0x080071d9   Thumb Code    62  myiic.o(.text)
    IIC_Wait_Ack                             0x08007217   Thumb Code    82  myiic.o(.text)
    IIC_Ack                                  0x08007269   Thumb Code    66  myiic.o(.text)
    IIC_NAck                                 0x080072ab   Thumb Code    66  myiic.o(.text)
    IIC_Send_Byte                            0x080072ed   Thumb Code    90  myiic.o(.text)
    IIC_Read_Byte                            0x08007347   Thumb Code    94  myiic.o(.text)
    MPU_Write_Byte                           0x080073b1   Thumb Code    68  mpu6050.o(.text)
    MPU_Set_LPF                              0x080073f5   Thumb Code    58  mpu6050.o(.text)
    MPU_Set_Rate                             0x0800742f   Thumb Code    58  mpu6050.o(.text)
    MPU_Read_Byte                            0x08007469   Thumb Code    58  mpu6050.o(.text)
    MPU_Set_Accel_Fsr                        0x080074a3   Thumb Code    16  mpu6050.o(.text)
    MPU_Set_Gyro_Fsr                         0x080074b3   Thumb Code    16  mpu6050.o(.text)
    MPU_Init                                 0x080074c3   Thumb Code   122  mpu6050.o(.text)
    MPU_Read_Len                             0x0800753d   Thumb Code   116  mpu6050.o(.text)
    MPU_Get_Temperature                      0x080075b1   Thumb Code   110  mpu6050.o(.text)
    MPU_Get_Gyroscope                        0x0800761f   Thumb Code    80  mpu6050.o(.text)
    MPU_Get_Accelerometer                    0x0800766f   Thumb Code    80  mpu6050.o(.text)
    MPU_Write_Len                            0x080076bf   Thumb Code    96  mpu6050.o(.text)
    mpu_reg_dump                             0x080077bf   Thumb Code    84  inv_mpu.o(.text)
    mpu_read_reg                             0x08007813   Thumb Code    66  inv_mpu.o(.text)
    mpu_set_int_latched                      0x08007855   Thumb Code   102  inv_mpu.o(.text)
    mpu_set_sensors                          0x080078bb   Thumb Code   202  inv_mpu.o(.text)
    mpu_set_bypass                           0x08007985   Thumb Code   328  inv_mpu.o(.text)
    mpu_reset_fifo                           0x08007acd   Thumb Code   472  inv_mpu.o(.text)
    mpu_configure_fifo                       0x08007ca5   Thumb Code   106  inv_mpu.o(.text)
    mpu_set_lpf                              0x08007d0f   Thumb Code   126  inv_mpu.o(.text)
    mpu_lp_accel_mode                        0x08007d8d   Thumb Code   218  inv_mpu.o(.text)
    mpu_set_sample_rate                      0x08007e67   Thumb Code   152  inv_mpu.o(.text)
    mpu_set_accel_fsr                        0x08007eff   Thumb Code   132  inv_mpu.o(.text)
    mpu_set_gyro_fsr                         0x08007f83   Thumb Code   132  inv_mpu.o(.text)
    mpu_init                                 0x08008007   Thumb Code   416  inv_mpu.o(.text)
    mget_ms                                  0x080081a7   Thumb Code     2  inv_mpu.o(.text)
    mpu_get_gyro_reg                         0x080081a9   Thumb Code   110  inv_mpu.o(.text)
    mpu_get_accel_reg                        0x08008217   Thumb Code   110  inv_mpu.o(.text)
    mpu_get_temperature                      0x08008285   Thumb Code   142  inv_mpu.o(.text)
    mpu_set_accel_bias                       0x08008313   Thumb Code   472  inv_mpu.o(.text)
    mpu_get_gyro_fsr                         0x080084eb   Thumb Code    64  inv_mpu.o(.text)
    mpu_get_accel_fsr                        0x0800852b   Thumb Code    72  inv_mpu.o(.text)
    mpu_get_lpf                              0x08008573   Thumb Code    74  inv_mpu.o(.text)
    mpu_get_sample_rate                      0x080085bd   Thumb Code    26  inv_mpu.o(.text)
    mpu_get_compass_sample_rate              0x080085d7   Thumb Code    10  inv_mpu.o(.text)
    mpu_set_compass_sample_rate              0x080085e1   Thumb Code     8  inv_mpu.o(.text)
    mpu_get_gyro_sens                        0x080085e9   Thumb Code    74  inv_mpu.o(.text)
    mpu_get_accel_sens                       0x08008633   Thumb Code    78  inv_mpu.o(.text)
    mpu_get_fifo_config                      0x08008681   Thumb Code    12  inv_mpu.o(.text)
    mpu_get_power_state                      0x0800868d   Thumb Code    22  inv_mpu.o(.text)
    mpu_get_int_status                       0x080086a3   Thumb Code    64  inv_mpu.o(.text)
    mpu_read_fifo                            0x080086e3   Thumb Code   520  inv_mpu.o(.text)
    mpu_read_fifo_stream                     0x080088eb   Thumb Code   186  inv_mpu.o(.text)
    mpu_set_int_level                        0x080089a5   Thumb Code    12  inv_mpu.o(.text)
    mpu_set_dmp_state                        0x080090b5   Thumb Code   138  inv_mpu.o(.text)
    mpu_run_self_test                        0x0800913f   Thumb Code   278  inv_mpu.o(.text)
    mpu_write_mem                            0x08009255   Thumb Code   122  inv_mpu.o(.text)
    mpu_read_mem                             0x080092cf   Thumb Code   122  inv_mpu.o(.text)
    mpu_load_firmware                        0x08009349   Thumb Code   190  inv_mpu.o(.text)
    mpu_get_dmp_state                        0x08009407   Thumb Code    14  inv_mpu.o(.text)
    setup_compass                            0x08009415   Thumb Code     6  inv_mpu.o(.text)
    mpu_get_compass_reg                      0x0800941b   Thumb Code     8  inv_mpu.o(.text)
    mpu_get_compass_fsr                      0x08009423   Thumb Code     8  inv_mpu.o(.text)
    mpu_lp_motion_interrupt                  0x0800942b   Thumb Code   512  inv_mpu.o(.text)
    run_self_test                            0x0800962b   Thumb Code   158  inv_mpu.o(.text)
    inv_row_2_scale                          0x080096c9   Thumb Code    78  inv_mpu.o(.text)
    inv_orientation_matrix_to_scalar         0x08009717   Thumb Code    40  inv_mpu.o(.text)
    mpu_dmp_init                             0x0800973f   Thumb Code   166  inv_mpu.o(.text)
    mpu_dmp_get_data                         0x080097e5   Thumb Code   520  inv_mpu.o(.text)
    dmp_load_motion_driver_firmware          0x08009a01   Thumb Code    20  inv_mpu_dmp_motion_driver.o(.text)
    dmp_set_orientation                      0x08009a15   Thumb Code   290  inv_mpu_dmp_motion_driver.o(.text)
    dmp_set_gyro_bias                        0x08009b37   Thumb Code   294  inv_mpu_dmp_motion_driver.o(.text)
    dmp_set_accel_bias                       0x08009c5d   Thumb Code   300  inv_mpu_dmp_motion_driver.o(.text)
    dmp_set_fifo_rate                        0x08009d89   Thumb Code   136  inv_mpu_dmp_motion_driver.o(.text)
    dmp_get_fifo_rate                        0x08009e11   Thumb Code    12  inv_mpu_dmp_motion_driver.o(.text)
    dmp_set_tap_thresh                       0x08009e1d   Thumb Code   412  inv_mpu_dmp_motion_driver.o(.text)
    dmp_set_tap_axes                         0x08009fb9   Thumb Code    70  inv_mpu_dmp_motion_driver.o(.text)
    dmp_set_tap_count                        0x08009fff   Thumb Code    38  inv_mpu_dmp_motion_driver.o(.text)
    dmp_set_tap_time                         0x0800a025   Thumb Code    38  inv_mpu_dmp_motion_driver.o(.text)
    dmp_set_tap_time_multi                   0x0800a04b   Thumb Code    38  inv_mpu_dmp_motion_driver.o(.text)
    dmp_set_shake_reject_thresh              0x0800a071   Thumb Code    56  inv_mpu_dmp_motion_driver.o(.text)
    dmp_set_shake_reject_time                0x0800a0a9   Thumb Code    38  inv_mpu_dmp_motion_driver.o(.text)
    dmp_set_shake_reject_timeout             0x0800a0cf   Thumb Code    38  inv_mpu_dmp_motion_driver.o(.text)
    dmp_get_pedometer_step_count             0x0800a0f5   Thumb Code    66  inv_mpu_dmp_motion_driver.o(.text)
    dmp_set_pedometer_step_count             0x0800a137   Thumb Code    42  inv_mpu_dmp_motion_driver.o(.text)
    dmp_get_pedometer_walk_time              0x0800a161   Thumb Code    72  inv_mpu_dmp_motion_driver.o(.text)
    dmp_set_pedometer_walk_time              0x0800a1a9   Thumb Code    48  inv_mpu_dmp_motion_driver.o(.text)
    dmp_enable_6x_lp_quat                    0x0800a1d9   Thumb Code   100  inv_mpu_dmp_motion_driver.o(.text)
    dmp_enable_lp_quat                       0x0800a23d   Thumb Code    60  inv_mpu_dmp_motion_driver.o(.text)
    dmp_enable_gyro_cal                      0x0800a279   Thumb Code    62  inv_mpu_dmp_motion_driver.o(.text)
    dmp_enable_feature                       0x0800a2b7   Thumb Code   530  inv_mpu_dmp_motion_driver.o(.text)
    dmp_get_enabled_features                 0x0800a4c9   Thumb Code    12  inv_mpu_dmp_motion_driver.o(.text)
    dmp_set_interrupt_mode                   0x0800a533   Thumb Code    66  inv_mpu_dmp_motion_driver.o(.text)
    dmp_read_fifo                            0x0800a575   Thumb Code   514  inv_mpu_dmp_motion_driver.o(.text)
    dmp_register_tap_cb                      0x0800a777   Thumb Code    10  inv_mpu_dmp_motion_driver.o(.text)
    dmp_register_android_orient_cb           0x0800a781   Thumb Code    10  inv_mpu_dmp_motion_driver.o(.text)
    __use_no_semihosting                     0x0800a791   Thumb Code     2  use_no_semi_2.o(.text)
    __aeabi_ldivmod                          0x0800a793   Thumb Code     0  llsdiv.o(.text)
    _ll_sdiv                                 0x0800a793   Thumb Code    72  llsdiv.o(.text)
    __2printf                                0x0800a7dd   Thumb Code    20  noretval__2printf.o(.text)
    _printf_pre_padding                      0x0800a7f5   Thumb Code    44  _printf_pad.o(.text)
    _printf_post_padding                     0x0800a821   Thumb Code    34  _printf_pad.o(.text)
    _printf_int_dec                          0x0800a845   Thumb Code   104  _printf_dec.o(.text)
    _printf_int_hex                          0x0800a8bd   Thumb Code    84  _printf_hex_int.o(.text)
    _printf_longlong_hex                     0x0800a8bd   Thumb Code     0  _printf_hex_int.o(.text)
    __printf                                 0x0800a915   Thumb Code   308  __printf_flags_wp.o(.text)
    memcmp                                   0x0800aa4d   Thumb Code    88  memcmp.o(.text)
    __aeabi_memcpy                           0x0800aaa5   Thumb Code     0  rt_memcpy_v6.o(.text)
    __rt_memcpy                              0x0800aaa5   Thumb Code   138  rt_memcpy_v6.o(.text)
    _memcpy_lastbytes                        0x0800ab0b   Thumb Code     0  rt_memcpy_v6.o(.text)
    __aeabi_memset                           0x0800ab2f   Thumb Code    16  aeabi_memset.o(.text)
    __aeabi_memclr                           0x0800ab3f   Thumb Code     0  rt_memclr.o(.text)
    __rt_memclr                              0x0800ab3f   Thumb Code    68  rt_memclr.o(.text)
    _memset                                  0x0800ab43   Thumb Code     0  rt_memclr.o(.text)
    __use_two_region_memory                  0x0800ab83   Thumb Code     2  heapauxi.o(.text)
    __rt_heap_escrow$2region                 0x0800ab85   Thumb Code     2  heapauxi.o(.text)
    __rt_heap_expand$2region                 0x0800ab87   Thumb Code     2  heapauxi.o(.text)
    __I$use$semihosting                      0x0800ab89   Thumb Code     0  use_no_semi.o(.text)
    __use_no_semihosting_swi                 0x0800ab89   Thumb Code     2  use_no_semi.o(.text)
    __aeabi_uldivmod                         0x0800ab8b   Thumb Code     0  lludivv7m.o(.text)
    _ll_udiv                                 0x0800ab8b   Thumb Code   238  lludivv7m.o(.text)
    __read_errno                             0x0800ac79   Thumb Code    10  _rserrno.o(.text)
    __set_errno                              0x0800ac83   Thumb Code    12  _rserrno.o(.text)
    _printf_int_common                       0x0800ac8f   Thumb Code   178  _printf_intcommon.o(.text)
    _printf_char_file                        0x0800ad41   Thumb Code    32  _printf_char_file.o(.text)
    __aeabi_memcpy4                          0x0800ad65   Thumb Code     0  rt_memcpy_w.o(.text)
    __aeabi_memcpy8                          0x0800ad65   Thumb Code     0  rt_memcpy_w.o(.text)
    __rt_memcpy_w                            0x0800ad65   Thumb Code   100  rt_memcpy_w.o(.text)
    _memcpy_lastbytes_aligned                0x0800adad   Thumb Code     0  rt_memcpy_w.o(.text)
    __aeabi_memclr4                          0x0800adc9   Thumb Code     0  rt_memclr_w.o(.text)
    __aeabi_memclr8                          0x0800adc9   Thumb Code     0  rt_memclr_w.o(.text)
    __rt_memclr_w                            0x0800adc9   Thumb Code    78  rt_memclr_w.o(.text)
    _memset_w                                0x0800adcd   Thumb Code     0  rt_memclr_w.o(.text)
    __aeabi_errno_addr                       0x0800ae19   Thumb Code     8  rt_errno_addr_intlibspace.o(.text)
    __errno$intlibspace                      0x0800ae19   Thumb Code     0  rt_errno_addr_intlibspace.o(.text)
    __rt_errno_addr$intlibspace              0x0800ae19   Thumb Code     0  rt_errno_addr_intlibspace.o(.text)
    _printf_char_common                      0x0800ae2b   Thumb Code    32  _printf_char_common.o(.text)
    ferror                                   0x0800ae51   Thumb Code     8  ferror.o(.text)
    __user_libspace                          0x0800ae59   Thumb Code     8  libspace.o(.text)
    __user_perproc_libspace                  0x0800ae59   Thumb Code     0  libspace.o(.text)
    __user_perthread_libspace                0x0800ae59   Thumb Code     0  libspace.o(.text)
    __user_setup_stackheap                   0x0800ae61   Thumb Code    74  sys_stackheap_outer.o(.text)
    exit                                     0x0800aeab   Thumb Code    12  exit.o(.text)
    __ARM_fpclassify                         0x0800aeb7   Thumb Code    48  fpclassify.o(i.__ARM_fpclassify)
    __hardfp_asin                            0x0800aee9   Thumb Code   770  asin.o(i.__hardfp_asin)
    __hardfp_atan                            0x0800b249   Thumb Code   622  atan.o(i.__hardfp_atan)
    __hardfp_atan2                           0x0800b521   Thumb Code   432  atan2.o(i.__hardfp_atan2)
    __kernel_poly                            0x0800b711   Thumb Code   248  poly.o(i.__kernel_poly)
    __mathlib_dbl_infnan                     0x0800b809   Thumb Code    20  dunder.o(i.__mathlib_dbl_infnan)
    __mathlib_dbl_infnan2                    0x0800b81d   Thumb Code    20  dunder.o(i.__mathlib_dbl_infnan2)
    __mathlib_dbl_invalid                    0x0800b831   Thumb Code    24  dunder.o(i.__mathlib_dbl_invalid)
    __mathlib_dbl_underflow                  0x0800b851   Thumb Code    24  dunder.o(i.__mathlib_dbl_underflow)
    _is_digit                                0x0800b871   Thumb Code    14  __printf_wp.o(i._is_digit)
    atan                                     0x0800b87f   Thumb Code    16  atan.o(i.atan)
    fabs                                     0x0800b88f   Thumb Code    24  fabs.o(i.fabs)
    sqrt                                     0x0800b8a7   Thumb Code   110  sqrt.o(i.sqrt)
    __aeabi_dneg                             0x0800b915   Thumb Code     0  basic.o(x$fpl$basic)
    _dneg                                    0x0800b915   Thumb Code     6  basic.o(x$fpl$basic)
    __aeabi_fneg                             0x0800b91b   Thumb Code     0  basic.o(x$fpl$basic)
    _fneg                                    0x0800b91b   Thumb Code     6  basic.o(x$fpl$basic)
    _dabs                                    0x0800b921   Thumb Code     6  basic.o(x$fpl$basic)
    _fabs                                    0x0800b927   Thumb Code     6  basic.o(x$fpl$basic)
    __aeabi_d2f                              0x0800b92d   Thumb Code     0  d2f.o(x$fpl$d2f)
    _d2f                                     0x0800b92d   Thumb Code    98  d2f.o(x$fpl$d2f)
    __aeabi_dadd                             0x0800b991   Thumb Code     0  daddsub_clz.o(x$fpl$dadd)
    _dadd                                    0x0800b991   Thumb Code   332  daddsub_clz.o(x$fpl$dadd)
    __fpl_dcmp_Inf                           0x0800bae1   Thumb Code    24  dcmpi.o(x$fpl$dcmpinf)
    __aeabi_ddiv                             0x0800baf9   Thumb Code     0  ddiv.o(x$fpl$ddiv)
    _ddiv                                    0x0800baf9   Thumb Code   552  ddiv.o(x$fpl$ddiv)
    __aeabi_i2d                              0x0800bda9   Thumb Code     0  dflt_clz.o(x$fpl$dflt)
    _dflt                                    0x0800bda9   Thumb Code    46  dflt_clz.o(x$fpl$dflt)
    __aeabi_cdcmple                          0x0800bdd9   Thumb Code     0  dleqf.o(x$fpl$dleqf)
    _dcmple                                  0x0800bdd9   Thumb Code   120  dleqf.o(x$fpl$dleqf)
    __fpl_dcmple_InfNaN                      0x0800be3b   Thumb Code     0  dleqf.o(x$fpl$dleqf)
    __aeabi_dmul                             0x0800be51   Thumb Code     0  dmul.o(x$fpl$dmul)
    _dmul                                    0x0800be51   Thumb Code   332  dmul.o(x$fpl$dmul)
    __fpl_dnaninf                            0x0800bfa5   Thumb Code   156  dnaninf.o(x$fpl$dnaninf)
    __fpl_dretinf                            0x0800c041   Thumb Code    12  dretinf.o(x$fpl$dretinf)
    __aeabi_cdrcmple                         0x0800c04d   Thumb Code     0  drleqf.o(x$fpl$drleqf)
    _drcmple                                 0x0800c04d   Thumb Code   108  drleqf.o(x$fpl$drleqf)
    __aeabi_drsub                            0x0800c0b9   Thumb Code     0  daddsub_clz.o(x$fpl$drsb)
    _drsb                                    0x0800c0b9   Thumb Code    22  daddsub_clz.o(x$fpl$drsb)
    _dsqrt                                   0x0800c0d1   Thumb Code   404  dsqrt_umaal.o(x$fpl$dsqrt)
    __aeabi_dsub                             0x0800c269   Thumb Code     0  daddsub_clz.o(x$fpl$dsub)
    _dsub                                    0x0800c269   Thumb Code   464  daddsub_clz.o(x$fpl$dsub)
    __aeabi_f2d                              0x0800c43d   Thumb Code     0  f2d.o(x$fpl$f2d)
    _f2d                                     0x0800c43d   Thumb Code    86  f2d.o(x$fpl$f2d)
    __fpl_fnaninf                            0x0800c493   Thumb Code   140  fnaninf.o(x$fpl$fnaninf)
    _fp_init                                 0x0800c51f   Thumb Code    10  fpinit.o(x$fpl$fpinit)
    __fplib_config_fpu_vfp                   0x0800c527   Thumb Code     0  fpinit.o(x$fpl$fpinit)
    __fplib_config_pureend_doubles           0x0800c527   Thumb Code     0  fpinit.o(x$fpl$fpinit)
    __fpl_fretinf                            0x0800c529   Thumb Code    10  fretinf.o(x$fpl$fretinf)
    CRC8_INIT                                0x0800c532   Data           1  crc.o(.constdata)
    __I$use$fp                               0x0800c532   Number         0  usenofp.o(x$fpl$usenofp)
    CRC8_TAB                                 0x0800c533   Data         256  crc.o(.constdata)
    wCRC_Table                               0x0800c634   Data         512  crc.o(.constdata)
    reg                                      0x0800c834   Data          27  inv_mpu.o(.constdata)
    hw                                       0x0800c850   Data          12  inv_mpu.o(.constdata)
    test                                     0x0800c85c   Data          40  inv_mpu.o(.constdata)
    __mathlib_zero                           0x0800d5a0   Data           8  qnan.o(.constdata)
    Region$$Table$$Base                      0x0800d5f8   Number         0  anon$$obj.o(Region$$Table)
    Region$$Table$$Limit                     0x0800d618   Number         0  anon$$obj.o(Region$$Table)
    sysTickUptime                            0x20000000   Data           4  stm32f4xx_it.o(.data)
    currentTime                              0x20000008   Data           4  system.o(.data)
    loopTime_1ms                             0x2000000c   Data           4  system.o(.data)
    previousTime                             0x20000010   Data           4  system.o(.data)
    cycleTime                                0x20000014   Data           2  system.o(.data)
    gyrox                                    0x20000016   Data           2  system.o(.data)
    gyroy                                    0x20000018   Data           2  system.o(.data)
    gyroz                                    0x2000001a   Data           2  system.o(.data)
    pitch                                    0x2000001c   Data           4  system.o(.data)
    roll                                     0x20000020   Data           4  system.o(.data)
    yaw                                      0x20000024   Data           4  system.o(.data)
    yaw_10                                   0x20000028   Data           4  system.o(.data)
    yaw_int                                  0x2000002c   Data           2  system.o(.data)
    pass_num                                 0x20000030   Data           4  system.o(.data)
    pass_flag                                0x20000034   Data           1  system.o(.data)
    tmp                                      0x20000036   Data           2  system.o(.data)
    target                                   0x20000050   Data           2  rc.o(.data)
    kFeedFoward                              0x20000058   Data           4  gimbal.o(.data)
    currentTarget                            0x2000005c   Data           2  gimbal.o(.data)
    gyrozTarget                              0x2000005e   Data           2  gimbal.o(.data)
    km                                       0x20000060   Data           4  gimbal.o(.data)
    ks                                       0x20000064   Data           4  gimbal.o(.data)
    compensateGyroYaw                        0x20000068   Data           4  gimbal.o(.data)
    CRC_INIT                                 0x20000080   Data           2  crc.o(.data)
    angle                                    0x20000082   Data           2  can2.o(.data)
    matrix_value1                            0x20000084   Data           4  mymath.o(.data)
    matrix_value2                            0x20000088   Data           4  mymath.o(.data)
    visionFPS                                0x2000008c   Data           4  usart4.o(.data)
    visionQueue                              0x20000098   Data         404  vision.o(.data)
    visionYaw                                0x2000022c   Data           2  vision.o(.data)
    visionPitch                              0x2000022e   Data           2  vision.o(.data)
    visionFlag                               0x20000230   Data           1  vision.o(.data)
    visionYawMathExpect                      0x20000234   Data           4  vision.o(.data)
    visionYawStdDevia                        0x20000238   Data           4  vision.o(.data)
    visionAliveCnt                           0x2000023c   Data           2  vision.o(.data)
    visionStatus                             0x2000023e   Data           1  vision.o(.data)
    predictAngle                             0x20000240   Data           4  vision.o(.data)
    kpre                                     0x20000244   Data           4  vision.o(.data)
    tmpTargetSpeed                           0x20000248   Data           4  vision.o(.data)
    deltaYaw1                                0x2000024c   Data           4  vision.o(.data)
    deltaYaw2                                0x20000250   Data           4  vision.o(.data)
    SystemCoreClock                          0x20000278   Data           4  system_stm32f4xx.o(.data)
    AHBPrescTable                            0x2000027c   Data          16  system_stm32f4xx.o(.data)
    __stdout                                 0x2000028c   Data           4  usart.o(.data)
    kalman_targetGyrox                       0x200002c8   Data          48  system.o(.bss)
    kalman_visionPitch                       0x200002f8   Data          48  system.o(.bss)
    kalman_visionYaw                         0x20000328   Data          48  system.o(.bss)
    kalman_gyroX                             0x20000358   Data          48  system.o(.bss)
    kalman_gyroZ                             0x20000388   Data          48  system.o(.bss)
    rc                                       0x200003b8   Data          60  rc.o(.bss)
    gimbal                                   0x200003f4   Data         528  gimbal.o(.bss)
    chassis                                  0x20000604   Data          52  chassis.o(.bss)
    shoot                                    0x20000638   Data          80  shoot.o(.bss)
    uart4Buf                                 0x20000688   Data          66  usart4.o(.bss)
    visionData                               0x200006ca   Data          34  vision.o(.bss)
    __libspace_start                         0x200006fc   Data          96  libspace.o(.bss)
    __temporary_stack_top$libspace           0x2000075c   Data           0  libspace.o(.bss)



==============================================================================

Memory Map of the image

  Image Entry point : 0x08000189

  Load Region LR_IROM1 (Base: 0x08000000, Size: 0x0000d8e0, Max: 0x00080000, ABSOLUTE, COMPRESSED[0x0000d64c])

    Execution Region ER_IROM1 (Base: 0x08000000, Size: 0x0000d618, Max: 0x00080000, ABSOLUTE)

    Base Addr    Size         Type   Attr      Idx    E Section Name        Object

    0x08000000   0x00000188   Data   RO          727    RESET               startup_stm32f40xx.o
    0x08000188   0x00000008   Code   RO         1423  * !!!main             c_w.l(__main.o)
    0x08000190   0x00000034   Code   RO         1735    !!!scatter          c_w.l(__scatter.o)
    0x080001c4   0x0000005a   Code   RO         1733    !!dczerorl2         c_w.l(__dczerorl2.o)
    0x0800021e   0x00000002   PAD
    0x08000220   0x0000001c   Code   RO         1737    !!handler_zi        c_w.l(__scatter_zi.o)
    0x0800023c   0x00000000   Code   RO         1412    .ARM.Collect$$_printf_percent$$00000000  c_w.l(_printf_percent.o)
    0x0800023c   0x00000006   Code   RO         1411    .ARM.Collect$$_printf_percent$$00000009  c_w.l(_printf_d.o)
    0x08000242   0x00000006   Code   RO         1410    .ARM.Collect$$_printf_percent$$0000000C  c_w.l(_printf_x.o)
    0x08000248   0x00000004   Code   RO         1490    .ARM.Collect$$_printf_percent$$00000017  c_w.l(_printf_percent_end.o)
    0x0800024c   0x00000002   Code   RO         1607    .ARM.Collect$$libinit$$00000000  c_w.l(libinit.o)
    0x0800024e   0x00000004   Code   RO         1614    .ARM.Collect$$libinit$$00000001  c_w.l(libinit2.o)
    0x08000252   0x00000000   Code   RO         1617    .ARM.Collect$$libinit$$00000004  c_w.l(libinit2.o)
    0x08000252   0x00000000   Code   RO         1620    .ARM.Collect$$libinit$$0000000A  c_w.l(libinit2.o)
    0x08000252   0x00000000   Code   RO         1622    .ARM.Collect$$libinit$$0000000C  c_w.l(libinit2.o)
    0x08000252   0x00000000   Code   RO         1624    .ARM.Collect$$libinit$$0000000E  c_w.l(libinit2.o)
    0x08000252   0x00000000   Code   RO         1627    .ARM.Collect$$libinit$$00000011  c_w.l(libinit2.o)
    0x08000252   0x00000000   Code   RO         1629    .ARM.Collect$$libinit$$00000013  c_w.l(libinit2.o)
    0x08000252   0x00000000   Code   RO         1631    .ARM.Collect$$libinit$$00000015  c_w.l(libinit2.o)
    0x08000252   0x00000000   Code   RO         1633    .ARM.Collect$$libinit$$00000017  c_w.l(libinit2.o)
    0x08000252   0x00000000   Code   RO         1635    .ARM.Collect$$libinit$$00000019  c_w.l(libinit2.o)
    0x08000252   0x00000000   Code   RO         1637    .ARM.Collect$$libinit$$0000001B  c_w.l(libinit2.o)
    0x08000252   0x00000000   Code   RO         1639    .ARM.Collect$$libinit$$0000001D  c_w.l(libinit2.o)
    0x08000252   0x00000000   Code   RO         1641    .ARM.Collect$$libinit$$0000001F  c_w.l(libinit2.o)
    0x08000252   0x00000000   Code   RO         1643    .ARM.Collect$$libinit$$00000021  c_w.l(libinit2.o)
    0x08000252   0x00000000   Code   RO         1645    .ARM.Collect$$libinit$$00000023  c_w.l(libinit2.o)
    0x08000252   0x00000000   Code   RO         1647    .ARM.Collect$$libinit$$00000025  c_w.l(libinit2.o)
    0x08000252   0x00000000   Code   RO         1651    .ARM.Collect$$libinit$$0000002C  c_w.l(libinit2.o)
    0x08000252   0x00000000   Code   RO         1653    .ARM.Collect$$libinit$$0000002E  c_w.l(libinit2.o)
    0x08000252   0x00000000   Code   RO         1655    .ARM.Collect$$libinit$$00000030  c_w.l(libinit2.o)
    0x08000252   0x00000000   Code   RO         1657    .ARM.Collect$$libinit$$00000032  c_w.l(libinit2.o)
    0x08000252   0x00000002   Code   RO         1658    .ARM.Collect$$libinit$$00000033  c_w.l(libinit2.o)
    0x08000254   0x00000002   Code   RO         1686    .ARM.Collect$$libshutdown$$00000000  c_w.l(libshutdown.o)
    0x08000256   0x00000000   Code   RO         1701    .ARM.Collect$$libshutdown$$00000003  c_w.l(libshutdown2.o)
    0x08000256   0x00000000   Code   RO         1704    .ARM.Collect$$libshutdown$$00000006  c_w.l(libshutdown2.o)
    0x08000256   0x00000000   Code   RO         1707    .ARM.Collect$$libshutdown$$00000009  c_w.l(libshutdown2.o)
    0x08000256   0x00000000   Code   RO         1709    .ARM.Collect$$libshutdown$$0000000B  c_w.l(libshutdown2.o)
    0x08000256   0x00000000   Code   RO         1712    .ARM.Collect$$libshutdown$$0000000E  c_w.l(libshutdown2.o)
    0x08000256   0x00000002   Code   RO         1713    .ARM.Collect$$libshutdown$$0000000F  c_w.l(libshutdown2.o)
    0x08000258   0x00000000   Code   RO         1481    .ARM.Collect$$rtentry$$00000000  c_w.l(__rtentry.o)
    0x08000258   0x00000000   Code   RO         1560    .ARM.Collect$$rtentry$$00000002  c_w.l(__rtentry2.o)
    0x08000258   0x00000006   Code   RO         1572    .ARM.Collect$$rtentry$$00000004  c_w.l(__rtentry4.o)
    0x0800025e   0x00000000   Code   RO         1562    .ARM.Collect$$rtentry$$00000009  c_w.l(__rtentry2.o)
    0x0800025e   0x00000004   Code   RO         1563    .ARM.Collect$$rtentry$$0000000A  c_w.l(__rtentry2.o)
    0x08000262   0x00000000   Code   RO         1565    .ARM.Collect$$rtentry$$0000000C  c_w.l(__rtentry2.o)
    0x08000262   0x00000008   Code   RO         1566    .ARM.Collect$$rtentry$$0000000D  c_w.l(__rtentry2.o)
    0x0800026a   0x00000002   Code   RO         1608    .ARM.Collect$$rtexit$$00000000  c_w.l(rtexit.o)
    0x0800026c   0x00000000   Code   RO         1660    .ARM.Collect$$rtexit$$00000002  c_w.l(rtexit2.o)
    0x0800026c   0x00000004   Code   RO         1661    .ARM.Collect$$rtexit$$00000003  c_w.l(rtexit2.o)
    0x08000270   0x00000006   Code   RO         1662    .ARM.Collect$$rtexit$$00000004  c_w.l(rtexit2.o)
    0x08000276   0x0000000c   Code   RO            4    .text               main.o
    0x08000282   0x00000002   PAD
    0x08000284   0x00000028   Code   RO          185    .text               stm32f4xx_it.o
    0x080002ac   0x0000059c   Code   RO          215    .text               system.o
    0x08000848   0x00000610   Code   RO          248    .text               rc.o
    0x08000e58   0x000017c8   Code   RO          284    .text               gimbal.o
    0x08002620   0x000001a0   Code   RO          313    .text               chassis.o
    0x080027c0   0x000002e4   Code   RO          340    .text               shoot.o
    0x08002aa4   0x00000160   Code   RO          368    .text               can1.o
    0x08002c04   0x0000014c   Code   RO          392    .text               usart2.o
    0x08002d50   0x00000058   Code   RO          417    .text               led.o
    0x08002da8   0x00000120   Code   RO          441    .text               crc.o
    0x08002ec8   0x00000224   Code   RO          469    .text               pwm.o
    0x080030ec   0x00000230   Code   RO          493    .text               can2.o
    0x0800331c   0x0000074c   Code   RO          521    .text               mymath.o
    0x08003a68   0x000001d4   Code   RO          548    .text               usart4.o
    0x08003c3c   0x000003fc   Code   RO          577    .text               vision.o
    0x08004038   0x000000e0   Code   RO          606    .text               misc.o
    0x08004118   0x00000294   Code   RO          630    .text               stm32f4xx_gpio.o
    0x080043ac   0x00000634   Code   RO          654    .text               stm32f4xx_rcc.o
    0x080049e0   0x00000ca2   Code   RO          680    .text               stm32f4xx_tim.o
    0x08005682   0x00000002   PAD
    0x08005684   0x00000454   Code   RO          704    .text               stm32f4xx_usart.o
    0x08005ad8   0x00000040   Code   RO          728    .text               startup_stm32f40xx.o
    0x08005b18   0x00000210   Code   RO          735    .text               system_stm32f4xx.o
    0x08005d28   0x000009f0   Code   RO          765    .text               stm32f4xx_can.o
    0x08006718   0x000003a8   Code   RO          789    .text               stm32f4xx_dma.o
    0x08006ac0   0x000000c0   Code   RO          933    .text               arm_mat_add_f32.o
    0x08006b80   0x00000008   Code   RO          987    .text               arm_mat_init_f32.o
    0x08006b88   0x00000310   Code   RO         1011    .text               arm_mat_inverse_f32.o
    0x08006e98   0x00000144   Code   RO         1059    .text               arm_mat_mult_f32.o
    0x08006fdc   0x000000c0   Code   RO         1107    .text               arm_mat_sub_f32.o
    0x0800709c   0x00000098   Code   RO         1131    .text               arm_mat_trans_f32.o
    0x08007134   0x00000024   Code   RO         1155    .text               usart.o
    0x08007158   0x00000258   Code   RO         1208    .text               myiic.o
    0x080073b0   0x00000384   Code   RO         1232    .text               mpu6050.o
    0x08007734   0x000022cc   Code   RO         1256    .text               inv_mpu.o
    0x08009a00   0x00000d90   Code   RO         1296    .text               inv_mpu_dmp_motion_driver.o
    0x0800a790   0x00000002   Code   RO         1355    .text               c_w.l(use_no_semi_2.o)
    0x0800a792   0x00000048   Code   RO         1357    .text               c_w.l(llsdiv.o)
    0x0800a7da   0x00000002   PAD
    0x0800a7dc   0x00000018   Code   RO         1361    .text               c_w.l(noretval__2printf.o)
    0x0800a7f4   0x0000004e   Code   RO         1365    .text               c_w.l(_printf_pad.o)
    0x0800a842   0x00000002   PAD
    0x0800a844   0x00000078   Code   RO         1367    .text               c_w.l(_printf_dec.o)
    0x0800a8bc   0x00000058   Code   RO         1372    .text               c_w.l(_printf_hex_int.o)
    0x0800a914   0x00000138   Code   RO         1402    .text               c_w.l(__printf_flags_wp.o)
    0x0800aa4c   0x00000058   Code   RO         1413    .text               c_w.l(memcmp.o)
    0x0800aaa4   0x0000008a   Code   RO         1415    .text               c_w.l(rt_memcpy_v6.o)
    0x0800ab2e   0x00000010   Code   RO         1417    .text               c_w.l(aeabi_memset.o)
    0x0800ab3e   0x00000044   Code   RO         1419    .text               c_w.l(rt_memclr.o)
    0x0800ab82   0x00000006   Code   RO         1421    .text               c_w.l(heapauxi.o)
    0x0800ab88   0x00000002   Code   RO         1479    .text               c_w.l(use_no_semi.o)
    0x0800ab8a   0x000000ee   Code   RO         1482    .text               c_w.l(lludivv7m.o)
    0x0800ac78   0x00000016   Code   RO         1484    .text               c_w.l(_rserrno.o)
    0x0800ac8e   0x000000b2   Code   RO         1486    .text               c_w.l(_printf_intcommon.o)
    0x0800ad40   0x00000024   Code   RO         1488    .text               c_w.l(_printf_char_file.o)
    0x0800ad64   0x00000064   Code   RO         1491    .text               c_w.l(rt_memcpy_w.o)
    0x0800adc8   0x0000004e   Code   RO         1493    .text               c_w.l(rt_memclr_w.o)
    0x0800ae16   0x00000002   PAD
    0x0800ae18   0x00000008   Code   RO         1581    .text               c_w.l(rt_errno_addr_intlibspace.o)
    0x0800ae20   0x00000030   Code   RO         1583    .text               c_w.l(_printf_char_common.o)
    0x0800ae50   0x00000008   Code   RO         1585    .text               c_w.l(ferror.o)
    0x0800ae58   0x00000008   Code   RO         1591    .text               c_w.l(libspace.o)
    0x0800ae60   0x0000004a   Code   RO         1594    .text               c_w.l(sys_stackheap_outer.o)
    0x0800aeaa   0x0000000c   Code   RO         1600    .text               c_w.l(exit.o)
    0x0800aeb6   0x00000030   Code   RO         1542    i.__ARM_fpclassify  m_wm.l(fpclassify.o)
    0x0800aee6   0x00000002   PAD
    0x0800aee8   0x00000360   Code   RO         1453    i.__hardfp_asin     m_wm.l(asin.o)
    0x0800b248   0x000002d8   Code   RO         1508    i.__hardfp_atan     m_wm.l(atan.o)
    0x0800b520   0x000001f0   Code   RO         1467    i.__hardfp_atan2    m_wm.l(atan2.o)
    0x0800b710   0x000000f8   Code   RO         1544    i.__kernel_poly     m_wm.l(poly.o)
    0x0800b808   0x00000014   Code   RO         1523    i.__mathlib_dbl_infnan  m_wm.l(dunder.o)
    0x0800b81c   0x00000014   Code   RO         1524    i.__mathlib_dbl_infnan2  m_wm.l(dunder.o)
    0x0800b830   0x00000020   Code   RO         1525    i.__mathlib_dbl_invalid  m_wm.l(dunder.o)
    0x0800b850   0x00000020   Code   RO         1528    i.__mathlib_dbl_underflow  m_wm.l(dunder.o)
    0x0800b870   0x0000000e   Code   RO         1400    i._is_digit         c_w.l(__printf_wp.o)
    0x0800b87e   0x00000010   Code   RO         1510    i.atan              m_wm.l(atan.o)
    0x0800b88e   0x00000018   Code   RO         1538    i.fabs              m_wm.l(fabs.o)
    0x0800b8a6   0x0000006e   Code   RO         1549    i.sqrt              m_wm.l(sqrt.o)
    0x0800b914   0x00000018   Code   RO         1495    x$fpl$basic         fz_wm.l(basic.o)
    0x0800b92c   0x00000062   Code   RO         1425    x$fpl$d2f           fz_wm.l(d2f.o)
    0x0800b98e   0x00000002   PAD
    0x0800b990   0x00000150   Code   RO         1427    x$fpl$dadd          fz_wm.l(daddsub_clz.o)
    0x0800bae0   0x00000018   Code   RO         1497    x$fpl$dcmpinf       fz_wm.l(dcmpi.o)
    0x0800baf8   0x000002b0   Code   RO         1434    x$fpl$ddiv          fz_wm.l(ddiv.o)
    0x0800bda8   0x0000002e   Code   RO         1440    x$fpl$dflt          fz_wm.l(dflt_clz.o)
    0x0800bdd6   0x00000002   PAD
    0x0800bdd8   0x00000078   Code   RO         1445    x$fpl$dleqf         fz_wm.l(dleqf.o)
    0x0800be50   0x00000154   Code   RO         1447    x$fpl$dmul          fz_wm.l(dmul.o)
    0x0800bfa4   0x0000009c   Code   RO         1499    x$fpl$dnaninf       fz_wm.l(dnaninf.o)
    0x0800c040   0x0000000c   Code   RO         1501    x$fpl$dretinf       fz_wm.l(dretinf.o)
    0x0800c04c   0x0000006c   Code   RO         1449    x$fpl$drleqf        fz_wm.l(drleqf.o)
    0x0800c0b8   0x00000016   Code   RO         1428    x$fpl$drsb          fz_wm.l(daddsub_clz.o)
    0x0800c0ce   0x00000002   PAD
    0x0800c0d0   0x00000198   Code   RO         1589    x$fpl$dsqrt         fz_wm.l(dsqrt_umaal.o)
    0x0800c268   0x000001d4   Code   RO         1429    x$fpl$dsub          fz_wm.l(daddsub_clz.o)
    0x0800c43c   0x00000056   Code   RO         1451    x$fpl$f2d           fz_wm.l(f2d.o)
    0x0800c492   0x0000008c   Code   RO         1503    x$fpl$fnaninf       fz_wm.l(fnaninf.o)
    0x0800c51e   0x0000000a   Code   RO         1674    x$fpl$fpinit        fz_wm.l(fpinit.o)
    0x0800c528   0x0000000a   Code   RO         1505    x$fpl$fretinf       fz_wm.l(fretinf.o)
    0x0800c532   0x00000000   Code   RO         1507    x$fpl$usenofp       fz_wm.l(usenofp.o)
    0x0800c532   0x00000302   Data   RO          442    .constdata          crc.o
    0x0800c834   0x00000050   Data   RO         1257    .constdata          inv_mpu.o
    0x0800c884   0x00000bf6   Data   RO         1298    .constdata          inv_mpu_dmp_motion_driver.o
    0x0800d47a   0x00000028   Data   RO         1373    .constdata          c_w.l(_printf_hex_int.o)
    0x0800d4a2   0x00000011   Data   RO         1403    .constdata          c_w.l(__printf_flags_wp.o)
    0x0800d4b3   0x00000005   PAD
    0x0800d4b8   0x00000050   Data   RO         1456    .constdata          m_wm.l(asin.o)
    0x0800d508   0x00000098   Data   RO         1511    .constdata          m_wm.l(atan.o)
    0x0800d5a0   0x00000008   Data   RO         1546    .constdata          m_wm.l(qnan.o)
    0x0800d5a8   0x0000004d   Data   RO         1258    .conststring        inv_mpu.o
    0x0800d5f5   0x00000003   PAD
    0x0800d5f8   0x00000020   Data   RO         1731    Region$$Table       anon$$obj.o


    Execution Region RW_IRAM1 (Base: 0x20000000, Size: 0x00000d60, Max: 0x00020000, ABSOLUTE, COMPRESSED[0x00000034])

    Base Addr    Size         Type   Attr      Idx    E Section Name        Object

    0x20000000   0x00000004   Data   RW          186    .data               stm32f4xx_it.o
    0x20000004   0x0000004b   Data   RW          217    .data               system.o
    0x2000004f   0x00000001   PAD
    0x20000050   0x00000006   Data   RW          250    .data               rc.o
    0x20000056   0x00000002   PAD
    0x20000058   0x00000020   Data   RW          286    .data               gimbal.o
    0x20000078   0x00000008   Data   RW          342    .data               shoot.o
    0x20000080   0x00000002   Data   RW          443    .data               crc.o
    0x20000082   0x00000002   Data   RW          494    .data               can2.o
    0x20000084   0x00000008   Data   RW          522    .data               mymath.o
    0x2000008c   0x0000000c   Data   RW          550    .data               usart4.o
    0x20000098   0x000001d0   Data   RW          579    .data               vision.o
    0x20000268   0x00000010   Data   RW          655    .data               stm32f4xx_rcc.o
    0x20000278   0x00000014   Data   RW          736    .data               system_stm32f4xx.o
    0x2000028c   0x00000004   Data   RW         1156    .data               usart.o
    0x20000290   0x00000035   Data   RW         1259    .data               inv_mpu.o
    0x200002c5   0x00000003   PAD
    0x200002c8   0x000000f0   Zero   RW          216    .bss                system.o
    0x200003b8   0x0000003c   Zero   RW          249    .bss                rc.o
    0x200003f4   0x00000210   Zero   RW          285    .bss                gimbal.o
    0x20000604   0x00000034   Zero   RW          314    .bss                chassis.o
    0x20000638   0x00000050   Zero   RW          341    .bss                shoot.o
    0x20000688   0x00000042   Zero   RW          549    .bss                usart4.o
    0x200006ca   0x00000022   Zero   RW          578    .bss                vision.o
    0x200006ec   0x00000010   Zero   RW         1297    .bss                inv_mpu_dmp_motion_driver.o
    0x200006fc   0x00000060   Zero   RW         1592    .bss                c_w.l(libspace.o)
    0x2000075c   0x00000004   PAD
    0x20000760   0x00000200   Zero   RW          726    HEAP                startup_stm32f40xx.o
    0x20000960   0x00000400   Zero   RW          725    STACK               startup_stm32f40xx.o


==============================================================================

Image component sizes


      Code (inc. data)   RO Data    RW Data    ZI Data      Debug   Object Name

       192          0          0          0          0       1386   arm_mat_add_f32.o
         8          0          0          0          0       1019   arm_mat_init_f32.o
       784          6          0          0          0       2630   arm_mat_inverse_f32.o
       324          4          0          0          0       1607   arm_mat_mult_f32.o
       192          0          0          0          0       1386   arm_mat_sub_f32.o
       152          0          0          0          0       1284   arm_mat_trans_f32.o
       352         12          0          0          0       1294   can1.o
       560         26          0          2          0       1594   can2.o
       416         34          0          0         52       1167   chassis.o
       288         14        770          2          0       3169   crc.o
      6088        332          0         32        528       5405   gimbal.o
      8908        224        157         53          0      23857   inv_mpu.o
      3472        142       3062          0         16      15179   inv_mpu_dmp_motion_driver.o
        88          4          0          0          0        519   led.o
        12          0          0          0          0     321687   main.o
       224         20          0          0          0       1877   misc.o
       900         22          0          0          0       4159   mpu6050.o
       600         12          0          0          0       1908   myiic.o
      1868         12          0          8          0       5469   mymath.o
       548         18          0          0          0       1943   pwm.o
      1552         80          0          6         60      32958   rc.o
       740         42          0          8         80       1665   shoot.o
        64         26        392          0       1536        868   startup_stm32f40xx.o
      2544         38          0          0          0       8032   stm32f4xx_can.o
       936         32          0          0          0       6357   stm32f4xx_dma.o
       660         44          0          0          0       4157   stm32f4xx_gpio.o
        40          4          0          4          0       1894   stm32f4xx_it.o
      1588         52          0         16          0      12814   stm32f4xx_rcc.o
      3234         60          0          0          0      22360   stm32f4xx_tim.o
      1108         34          0          0          0       7856   stm32f4xx_usart.o
      1436        164          0         75        240      31593   system.o
       528         46          0         20          0       1943   system_stm32f4xx.o
        36          4          0          4          0       2746   usart.o
       332         34          0          0          0        890   usart2.o
       468         38          0         12         66       1751   usart4.o
      1020        116          0        464         34       2917   vision.o

    ----------------------------------------------------------------------
     42266       1696       4416        712       2612     539340   Object Totals
         0          0         32          0          0          0   (incl. Generated)
         4          0          3          6          0          0   (incl. Padding)

    ----------------------------------------------------------------------

      Code (inc. data)   RO Data    RW Data    ZI Data      Debug   Library Member Name

        90          0          0          0          0          0   __dczerorl2.o
         8          0          0          0          0         68   __main.o
       312          4         17          0          0         92   __printf_flags_wp.o
        14          0          0          0          0         68   __printf_wp.o
         0          0          0          0          0          0   __rtentry.o
        12          0          0          0          0          0   __rtentry2.o
         6          0          0          0          0          0   __rtentry4.o
        52          8          0          0          0          0   __scatter.o
        28          0          0          0          0          0   __scatter_zi.o
        48          6          0          0          0         96   _printf_char_common.o
        36          4          0          0          0         80   _printf_char_file.o
         6          0          0          0          0          0   _printf_d.o
       120         16          0          0          0         92   _printf_dec.o
        88          4         40          0          0         88   _printf_hex_int.o
       178          0          0          0          0         88   _printf_intcommon.o
        78          0          0          0          0        108   _printf_pad.o
         0          0          0          0          0          0   _printf_percent.o
         4          0          0          0          0          0   _printf_percent_end.o
         6          0          0          0          0          0   _printf_x.o
        22          0          0          0          0        100   _rserrno.o
        16          0          0          0          0         68   aeabi_memset.o
        12          0          0          0          0         72   exit.o
         8          0          0          0          0         68   ferror.o
         6          0          0          0          0        152   heapauxi.o
         2          0          0          0          0          0   libinit.o
         6          0          0          0          0          0   libinit2.o
         2          0          0          0          0          0   libshutdown.o
         2          0          0          0          0          0   libshutdown2.o
         8          4          0          0         96         68   libspace.o
        72          0          0          0          0         76   llsdiv.o
       238          0          0          0          0        100   lludivv7m.o
        88          0          0          0          0         76   memcmp.o
        24          4          0          0          0         84   noretval__2printf.o
         8          4          0          0          0         68   rt_errno_addr_intlibspace.o
        68          0          0          0          0         68   rt_memclr.o
        78          0          0          0          0         80   rt_memclr_w.o
       138          0          0          0          0         68   rt_memcpy_v6.o
       100          0          0          0          0         80   rt_memcpy_w.o
         2          0          0          0          0          0   rtexit.o
        10          0          0          0          0          0   rtexit2.o
        74          0          0          0          0         80   sys_stackheap_outer.o
         2          0          0          0          0         68   use_no_semi.o
         2          0          0          0          0         68   use_no_semi_2.o
        24          0          0          0          0        164   basic.o
        98          4          0          0          0        140   d2f.o
       826         16          0          0          0        492   daddsub_clz.o
        24          0          0          0          0        116   dcmpi.o
       688        140          0          0          0        256   ddiv.o
        46          0          0          0          0        116   dflt_clz.o
       120          4          0          0          0        140   dleqf.o
       340         12          0          0          0        152   dmul.o
       156          4          0          0          0        140   dnaninf.o
        12          0          0          0          0        116   dretinf.o
       108          0          0          0          0        128   drleqf.o
       408         56          0          0          0        168   dsqrt_umaal.o
        86          4          0          0          0        132   f2d.o
       140          4          0          0          0        132   fnaninf.o
        10          0          0          0          0        116   fpinit.o
        10          0          0          0          0        116   fretinf.o
         0          0          0          0          0          0   usenofp.o
       864         94         80          0          0        280   asin.o
       744        106        152          0          0        352   atan.o
       496         64          0          0          0        192   atan2.o
       104         16          0          0          0        496   dunder.o
        24          0          0          0          0        124   fabs.o
        48          0          0          0          0        124   fpclassify.o
       248          0          0          0          0        152   poly.o
         0          0          8          0          0          0   qnan.o
       110          0          0          0          0        148   sqrt.o

    ----------------------------------------------------------------------
      7824        578        302          0        100       6716   Library Totals
        16          0          5          0          4          0   (incl. Padding)

    ----------------------------------------------------------------------

      Code (inc. data)   RO Data    RW Data    ZI Data      Debug   Library Name

      2074         54         57          0         96       2224   c_w.l
      3096        244          0          0          0       2624   fz_wm.l
      2638        280        240          0          0       1868   m_wm.l

    ----------------------------------------------------------------------
      7824        578        302          0        100       6716   Library Totals

    ----------------------------------------------------------------------

==============================================================================


      Code (inc. data)   RO Data    RW Data    ZI Data      Debug   

     50090       2274       4718        712       2712     535060   Grand Totals
     50090       2274       4718         52       2712     535060   ELF Image Totals (compressed)
     50090       2274       4718         52          0          0   ROM Totals

==============================================================================

    Total RO  Size (Code + RO Data)                54808 (  53.52kB)
    Total RW  Size (RW Data + ZI Data)              3424 (   3.34kB)
    Total ROM Size (Code + RO Data + RW Data)      54860 (  53.57kB)

==============================================================================

